SPIRIT1_Util.c:131:6:Spirit1InterfaceInit	8	static
SPIRIT1_Util.c:289:6:SpiritManagementIdentificationRFBoard	16	static
SPIRIT1_Util.c:310:6:SpiritManagementSetBand	16	static
SPIRIT1_Util.c:321:9:SpiritManagementGetBand	4	static
SPIRIT1_Util.c:330:6:SpiritManagementRangeExtInit	40	static
SPIRIT1_Util.c:365:14:SpiritManagementGetRangeExtender	4	static
SPIRIT1_Util.c:375:6:SpiritManagementSetRangeExtender	16	static
SPIRIT1_Util.c:385:9:RadioGetHasEeprom	4	static
SPIRIT1_Util.c:395:6:RadioSetHasEeprom	16	static
SPIRIT1_Util.c:405:6:Spirit1GpioIrqInit	16	static
SPIRIT1_Util.c:416:6:Spirit1RadioInit	16	static
SPIRIT1_Util.c:428:6:Spirit1SetPower	16	static
SPIRIT1_Util.c:440:6:Spirit1PacketConfig	8	static
SPIRIT1_Util.c:458:6:Spirit1SetPayloadlength	16	static
SPIRIT1_Util.c:475:6:Spirit1SetDestinationAddress	16	static
SPIRIT1_Util.c:491:6:Spirit1EnableTxIrq	8	static
SPIRIT1_Util.c:505:6:Spirit1EnableRxIrq	8	static
SPIRIT1_Util.c:518:6:Spirit1DisableIrq	8	static
SPIRIT1_Util.c:528:6:Spirit1SetRxTimeout	16	static
SPIRIT1_Util.c:550:6:Spirit1SetRssiTH	16	static
SPIRIT1_Util.c:560:7:Spirit1GetRssiTH	16	static
SPIRIT1_Util.c:572:6:Spirit1EnableSQI	8	static
SPIRIT1_Util.c:584:6:Spirit1StartRx	8	static
SPIRIT1_Util.c:599:6:Spirit1GetRxPacket	24	static
SPIRIT1_Util.c:616:6:Spirit1StartTx	16	static
SPIRIT1_Util.c:649:6:Spirit1ClearIRQ	8	static
SPIRIT1_Util.c:655:6:SpiritManagementSetOffset	16	static
SPIRIT1_Util.c:660:9:SpiritManagementGetOffset	4	static
