Archive member included to satisfy reference by file (symbol)

/opt/st/stm32cubeide_1.4.0/plugins/com.st.stm32cube.ide.mcu.externaltools.gnu-tools-for-stm32.7-2018-q2-update.linux64_1.4.0.202007081208/tools/bin/../lib/gcc/arm-none-eabi/7.3.1/../../../../arm-none-eabi/lib/thumb/v7e-m/fpv5/hard/libc_nano.a(lib_a-errno.o)
                              Core/Src/syscalls.o (__errno)
/opt/st/stm32cubeide_1.4.0/plugins/com.st.stm32cube.ide.mcu.externaltools.gnu-tools-for-stm32.7-2018-q2-update.linux64_1.4.0.202007081208/tools/bin/../lib/gcc/arm-none-eabi/7.3.1/../../../../arm-none-eabi/lib/thumb/v7e-m/fpv5/hard/libc_nano.a(lib_a-exit.o)
                              /opt/st/stm32cubeide_1.4.0/plugins/com.st.stm32cube.ide.mcu.externaltools.gnu-tools-for-stm32.7-2018-q2-update.linux64_1.4.0.202007081208/tools/bin/../lib/gcc/arm-none-eabi/7.3.1/../../../../arm-none-eabi/lib/thumb/v7e-m/fpv5/hard/crt0.o (exit)
/opt/st/stm32cubeide_1.4.0/plugins/com.st.stm32cube.ide.mcu.externaltools.gnu-tools-for-stm32.7-2018-q2-update.linux64_1.4.0.202007081208/tools/bin/../lib/gcc/arm-none-eabi/7.3.1/../../../../arm-none-eabi/lib/thumb/v7e-m/fpv5/hard/libc_nano.a(lib_a-impure.o)
                              /opt/st/stm32cubeide_1.4.0/plugins/com.st.stm32cube.ide.mcu.externaltools.gnu-tools-for-stm32.7-2018-q2-update.linux64_1.4.0.202007081208/tools/bin/../lib/gcc/arm-none-eabi/7.3.1/../../../../arm-none-eabi/lib/thumb/v7e-m/fpv5/hard/libc_nano.a(lib_a-exit.o) (_global_impure_ptr)
/opt/st/stm32cubeide_1.4.0/plugins/com.st.stm32cube.ide.mcu.externaltools.gnu-tools-for-stm32.7-2018-q2-update.linux64_1.4.0.202007081208/tools/bin/../lib/gcc/arm-none-eabi/7.3.1/../../../../arm-none-eabi/lib/thumb/v7e-m/fpv5/hard/libc_nano.a(lib_a-init.o)
                              /opt/st/stm32cubeide_1.4.0/plugins/com.st.stm32cube.ide.mcu.externaltools.gnu-tools-for-stm32.7-2018-q2-update.linux64_1.4.0.202007081208/tools/bin/../lib/gcc/arm-none-eabi/7.3.1/../../../../arm-none-eabi/lib/thumb/v7e-m/fpv5/hard/crt0.o (__libc_init_array)
/opt/st/stm32cubeide_1.4.0/plugins/com.st.stm32cube.ide.mcu.externaltools.gnu-tools-for-stm32.7-2018-q2-update.linux64_1.4.0.202007081208/tools/bin/../lib/gcc/arm-none-eabi/7.3.1/../../../../arm-none-eabi/lib/thumb/v7e-m/fpv5/hard/libc_nano.a(lib_a-memset.o)
                              /opt/st/stm32cubeide_1.4.0/plugins/com.st.stm32cube.ide.mcu.externaltools.gnu-tools-for-stm32.7-2018-q2-update.linux64_1.4.0.202007081208/tools/bin/../lib/gcc/arm-none-eabi/7.3.1/../../../../arm-none-eabi/lib/thumb/v7e-m/fpv5/hard/crt0.o (memset)
/opt/st/stm32cubeide_1.4.0/plugins/com.st.stm32cube.ide.mcu.externaltools.gnu-tools-for-stm32.7-2018-q2-update.linux64_1.4.0.202007081208/tools/bin/../lib/gcc/arm-none-eabi/7.3.1/../../../../arm-none-eabi/lib/thumb/v7e-m/fpv5/hard/libm.a(lib_a-s_round.o)
                              Drivers/BSP/Components/spirit1/SPIRIT1_Library/Src/SPIRIT_Radio.o (round)
/opt/st/stm32cubeide_1.4.0/plugins/com.st.stm32cube.ide.mcu.externaltools.gnu-tools-for-stm32.7-2018-q2-update.linux64_1.4.0.202007081208/tools/bin/../lib/gcc/arm-none-eabi/7.3.1/../../../../arm-none-eabi/lib/thumb/v7e-m/fpv5/hard/libm.a(lib_a-sf_lround.o)
                              Drivers/BSP/Components/spirit1/SPIRIT1_Library/Src/SPIRIT_Radio.o (lroundf)
/opt/st/stm32cubeide_1.4.0/plugins/com.st.stm32cube.ide.mcu.externaltools.gnu-tools-for-stm32.7-2018-q2-update.linux64_1.4.0.202007081208/tools/bin/../lib/gcc/arm-none-eabi/7.3.1/../../../../arm-none-eabi/lib/thumb/v7e-m/fpv5/hard/libm.a(lib_a-w_log.o)
                              Drivers/BSP/Components/spirit1/SPIRIT1_Library/Src/SPIRIT_Radio.o (log)
/opt/st/stm32cubeide_1.4.0/plugins/com.st.stm32cube.ide.mcu.externaltools.gnu-tools-for-stm32.7-2018-q2-update.linux64_1.4.0.202007081208/tools/bin/../lib/gcc/arm-none-eabi/7.3.1/../../../../arm-none-eabi/lib/thumb/v7e-m/fpv5/hard/libm.a(lib_a-w_pow.o)
                              Drivers/BSP/Components/spirit1/SPIRIT1_Library/Src/SPIRIT_Radio.o (pow)
/opt/st/stm32cubeide_1.4.0/plugins/com.st.stm32cube.ide.mcu.externaltools.gnu-tools-for-stm32.7-2018-q2-update.linux64_1.4.0.202007081208/tools/bin/../lib/gcc/arm-none-eabi/7.3.1/../../../../arm-none-eabi/lib/thumb/v7e-m/fpv5/hard/libm.a(lib_a-e_log.o)
                              /opt/st/stm32cubeide_1.4.0/plugins/com.st.stm32cube.ide.mcu.externaltools.gnu-tools-for-stm32.7-2018-q2-update.linux64_1.4.0.202007081208/tools/bin/../lib/gcc/arm-none-eabi/7.3.1/../../../../arm-none-eabi/lib/thumb/v7e-m/fpv5/hard/libm.a(lib_a-w_log.o) (__ieee754_log)
/opt/st/stm32cubeide_1.4.0/plugins/com.st.stm32cube.ide.mcu.externaltools.gnu-tools-for-stm32.7-2018-q2-update.linux64_1.4.0.202007081208/tools/bin/../lib/gcc/arm-none-eabi/7.3.1/../../../../arm-none-eabi/lib/thumb/v7e-m/fpv5/hard/libm.a(lib_a-e_pow.o)
[...]
Memory Configuration

Name             Origin             Length             Attributes
RAM              0x0000000020000000 0x0000000000080000 xrw
FLASH            0x0000000008000000 0x0000000000200000 xr
*default*        0x0000000000000000 0xffffffffffffffff

Linker script and memory map

LOAD /opt/st/stm32cubeide_1.4.0/plugins/com.st.stm32cube.ide.mcu.externaltools.gnu-tools-for-stm32.7-2018-q2-update.linux64_1.4.0.202007081208/tools/bin/../lib/gcc/arm-none-eabi/7.3.1/thumb/v7e-m/fpv5/hard/crti.o
LOAD /opt/st/stm32cubeide_1.4.0/plugins/com.st.stm32cube.ide.mcu.externaltools.gnu-tools-for-stm32.7-2018-q2-update.linux64_1.4.0.202007081208/tools/bin/../lib/gcc/arm-none-eabi/7.3.1/thumb/v7e-m/fpv5/hard/crtbegin.o
LOAD /opt/st/stm32cubeide_1.4.0/plugins/com.st.stm32cube.ide.mcu.externaltools.gnu-tools-for-stm32.7-2018-q2-update.linux64_1.4.0.202007081208/tools/bin/../lib/gcc/arm-none-eabi/7.3.1/../../../../arm-none-eabi/lib/thumb/v7e-m/fpv5/hard/crt0.o
LOAD Core/Src/gpio.o
LOAD Core/Src/main.o
LOAD Core/Src/radio_appli.o
LOAD Core/Src/stm32f769i_discovery.o
LOAD Core/Src/stm32f7xx_hal_msp.o
LOAD Core/Src/stm32f7xx_it.o
LOAD Core/Src/syscalls.o
LOAD Core/Src/sysmem.o
LOAD Core/Src/system_stm32f7xx.o
LOAD Core/Startup/startup_stm32f769nihx.o
LOAD Drivers/BSP/Components/spirit1/SPIRIT1_Library/Src/SPIRIT_Aes.o
LOAD Drivers/BSP/Components/spirit1/SPIRIT1_Library/Src/SPIRIT_Calibration.o
LOAD Drivers/BSP/Components/spirit1/SPIRIT1_Library/Src/SPIRIT_Commands.o
LOAD Drivers/BSP/Components/spirit1/SPIRIT1_Library/Src/SPIRIT_Csma.o
LOAD Drivers/BSP/Components/spirit1/SPIRIT1_Library/Src/SPIRIT_DirectRF.o
LOAD Drivers/BSP/Components/spirit1/SPIRIT1_Library/Src/SPIRIT_General.o
LOAD Drivers/BSP/Components/spirit1/SPIRIT1_Library/Src/SPIRIT_Gpio.o
LOAD Drivers/BSP/Components/spirit1/SPIRIT1_Library/Src/SPIRIT_Irq.o
LOAD Drivers/BSP/Components/spirit1/SPIRIT1_Library/Src/SPIRIT_LinearFifo.o
LOAD Drivers/BSP/Components/spirit1/SPIRIT1_Library/Src/SPIRIT_Management.o
LOAD Drivers/BSP/Components/spirit1/SPIRIT1_Library/Src/SPIRIT_PktBasic.o
LOAD Drivers/BSP/Components/spirit1/SPIRIT1_Library/Src/SPIRIT_PktCommon.o
LOAD Drivers/BSP/Components/spirit1/SPIRIT1_Library/Src/SPIRIT_PktMbus.o
LOAD Drivers/BSP/Components/spirit1/SPIRIT1_Library/Src/SPIRIT_PktStack.o
LOAD Drivers/BSP/Components/spirit1/SPIRIT1_Library/Src/SPIRIT_Qi.o
LOAD Drivers/BSP/Components/spirit1/SPIRIT1_Library/Src/SPIRIT_Radio.o
LOAD Drivers/BSP/Components/spirit1/SPIRIT1_Library/Src/SPIRIT_Timer.o
LOAD Drivers/BSP/Components/spirit1/SPIRIT1_Library/Src/SPIRIT_Types.o
LOAD Drivers/BSP/Components/spirit1/SPIRIT1_Util/Src/SPIRIT1_Util.o
LOAD Drivers/BSP/X-NUCLEO-IDS01Ax/Src/radio_gpio.o
LOAD Drivers/BSP/X-NUCLEO-IDS01Ax/Src/radio_shield_config.o
LOAD Drivers/BSP/X-NUCLEO-IDS01Ax/Src/radio_spi.o
LOAD Drivers/STM32F7xx_HAL_Driver/Src/stm32f7xx_hal.o
LOAD Drivers/STM32F7xx_HAL_Driver/Src/stm32f7xx_hal_cortex.o
LOAD Drivers/STM32F7xx_HAL_Driver/Src/stm32f7xx_hal_dma.o
LOAD Drivers/STM32F7xx_HAL_Driver/Src/stm32f7xx_hal_dma_ex.o
LOAD Drivers/STM32F7xx_HAL_Driver/Src/stm32f7xx_hal_exti.o
LOAD Drivers/STM32F7xx_HAL_Driver/Src/stm32f7xx_hal_flash.o
LOAD Drivers/STM32F7xx_HAL_Driver/Src/stm32f7xx_hal_flash_ex.o
LOAD Drivers/STM32F7xx_HAL_Driver/Src/stm32f7xx_hal_gpio.o
LOAD Drivers/STM32F7xx_HAL_Driver/Src/stm32f7xx_hal_i2c.o
LOAD Drivers/STM32F7xx_HAL_Driver/Src/stm32f7xx_hal_i2c_ex.o
LOAD Drivers/STM32F7xx_HAL_Driver/Src/stm32f7xx_hal_pwr.o
LOAD Drivers/STM32F7xx_HAL_Driver/Src/stm32f7xx_hal_pwr_ex.o
LOAD Drivers/STM32F7xx_HAL_Driver/Src/stm32f7xx_hal_rcc.o
LOAD Drivers/STM32F7xx_HAL_Driver/Src/stm32f7xx_hal_rcc_ex.o
LOAD Drivers/STM32F7xx_HAL_Driver/Src/stm32f7xx_hal_spi.o
LOAD Drivers/STM32F7xx_HAL_Driver/Src/stm32f7xx_hal_spi_ex.o
LOAD Drivers/STM32F7xx_HAL_Driver/Src/stm32f7xx_hal_tim.o
LOAD Drivers/STM32F7xx_HAL_Driver/Src/stm32f7xx_hal_tim_ex.o
START GROUP
LOAD /opt/st/stm32cubeide_1.4.0/plugins/com.st.stm32cube.ide.mcu.externaltools.gnu-tools-for-stm32.7-2018-q2-update.linux64_1.4.0.202007081208/tools/bin/../lib/gcc/arm-none-eabi/7.3.1/../../../../arm-none-eabi/lib/thumb/v7e-m/fpv5/hard/libc_nano.a
LOAD /opt/st/stm32cubeide_1.4.0/plugins/com.st.stm32cube.ide.mcu.externaltools.gnu-tools-for-stm32.7-2018-q2-update.linux64_1.4.0.202007081208/tools/bin/../lib/gcc/arm-none-eabi/7.3.1/../../../../arm-none-eabi/lib/thumb/v7e-m/fpv5/hard/libm.a
END GROUP
START GROUP
LOAD /opt/st/stm32cubeide_1.4.0/plugins/com.st.stm32cube.ide.mcu.externaltools.gnu-tools-for-stm32.7-2018-q2-update.linux64_1.4.0.202007081208/tools/bin/../lib/gcc/arm-none-eabi/7.3.1/thumb/v7e-m/fpv5/hard/libgcc.a
LOAD /opt/st/stm32cubeide_1.4.0/plugins/com.st.stm32cube.ide.mcu.externaltools.gnu-tools-for-stm32.7-2018-q2-update.linux64_1.4.0.202007081208/tools/bin/../lib/gcc/arm-none-eabi/7.3.1/../../../../arm-none-eabi/lib/thumb/v7e-m/fpv5/hard/libc_nano.a
END GROUP
START GROUP
LOAD /opt/st/stm32cubeide_1.4.0/plugins/com.st.stm32cube.ide.mcu.externaltools.gnu-tools-for-stm32.7-2018-q2-update.linux64_1.4.0.202007081208/tools/bin/../lib/gcc/arm-none-eabi/7.3.1/thumb/v7e-m/fpv5/hard/libgcc.a
LOAD /opt/st/stm32cubeide_1.4.0/plugins/com.st.stm32cube.ide.mcu.externaltools.gnu-tools-for-stm32.7-2018-q2-update.linux64_1.4.0.202007081208/tools/bin/../lib/gcc/arm-none-eabi/7.3.1/../../../../arm-none-eabi/lib/thumb/v7e-m/fpv5/hard/libc_nano.a
LOAD /opt/st/stm32cubeide_1.4.0/plugins/com.st.stm32cube.ide.mcu.externaltools.gnu-tools-for-stm32.7-2018-q2-update.linux64_1.4.0.202007081208/tools/bin/../lib/gcc/arm-none-eabi/7.3.1/../../../../arm-none-eabi/lib/thumb/v7e-m/fpv5/hard/libnosys.a
END GROUP
START GROUP
LOAD /opt/st/stm32cubeide_1.4.0/plugins/com.st.stm32cube.ide.mcu.externaltools.gnu-tools-for-stm32.7-2018-q2-update.linux64_1.4.0.202007081208/tools/bin/../lib/gcc/arm-none-eabi/7.3.1/thumb/v7e-m/fpv5/hard/libgcc.a
LOAD /opt/st/stm32cubeide_1.4.0/plugins/com.st.stm32cube.ide.mcu.externaltools.gnu-tools-for-stm32.7-2018-q2-update.linux64_1.4.0.202007081208/tools/bin/../lib/gcc/arm-none-eabi/7.3.1/../../../../arm-none-eabi/lib/thumb/v7e-m/fpv5/hard/libc_nano.a
LOAD /opt/st/stm32cubeide_1.4.0/plugins/com.st.stm32cube.ide.mcu.externaltools.gnu-tools-for-stm32.7-2018-q2-update.linux64_1.4.0.202007081208/tools/bin/../lib/gcc/arm-none-eabi/7.3.1/../../../../arm-none-eabi/lib/thumb/v7e-m/fpv5/hard/libnosys.a
END GROUP
LOAD /opt/st/stm32cubeide_1.4.0/plugins/com.st.stm32cube.ide.mcu.externaltools.gnu-tools-for-stm32.7-2018-q2-update.linux64_1.4.0.202007081208/tools/bin/../lib/gcc/arm-none-eabi/7.3.1/thumb/v7e-m/fpv5/hard/crtend.o
LOAD /opt/st/stm32cubeide_1.4.0/plugins/com.st.stm32cube.ide.mcu.externaltools.gnu-tools-for-stm32.7-2018-q2-update.linux64_1.4.0.202007081208/tools/bin/../lib/gcc/arm-none-eabi/7.3.1/thumb/v7e-m/fpv5/hard/crtn.o
                0x0000000020080000                _estack = (ORIGIN (RAM) + LENGTH (RAM))
                0x0000000000000200                _Min_Heap_Size = 0x200
                0x0000000000000400                _Min_Stack_Size = 0x400

.isr_vector     0x0000000008000000      0x1f8
                0x0000000008000000                . = ALIGN (0x4)
 *(.isr_vector)
 .isr_vector    0x0000000008000000      0x1f8 Core/Startup/startup_stm32f769nihx.o
                0x0000000008000000                g_pfnVectors
                0x00000000080001f8                . = ALIGN (0x4)

.text           0x00000000080001f8     0x5e98
                0x00000000080001f8                . = ALIGN (0x4)
 *(.text)
 .text          0x00000000080001f8       0x40 /opt/st/stm32cubeide_1.4.0/plugins/com.st.stm32cube.ide.mcu.externaltools.gnu-tools-for-stm32.7-2018-q2-update.linux64_1.4.0.202007081208/tools/bin/../lib/gcc/arm-none-eabi/7.3.1/thumb/v7e-m/fpv5/hard/crtbegin.o
 .text          0x0000000008000238       0x30 /opt/st/stm32cubeide_1.4.0/plugins/com.st.stm32cube.ide.mcu.externaltools.gnu-tools-for-stm32.7-2018-q2-update.linux64_1.4.0.202007081208/tools/bin/../lib/gcc/arm-none-eabi/7.3.1/thumb/v7e-m/fpv5/hard/libgcc.a(_aeabi_uldivmod.o)
                0x0000000008000238                __aeabi_uldivmod
 .text          0x0000000008000268      0x2cc /opt/st/stm32cubeide_1.4.0/plugins/com.st.stm32cube.ide.mcu.externaltools.gnu-tools-for-stm32.7-2018-q2-update.linux64_1.4.0.202007081208/tools/bin/../lib/gcc/arm-none-eabi/7.3.1/thumb/v7e-m/fpv5/hard/libgcc.a(_udivmoddi4.o)
                0x0000000008000268                __udivmoddi4
 .text          0x0000000008000534        0x4 /opt/st/stm32cubeide_1.4.0/plugins/com.st.stm32cube.ide.mcu.externaltools.gnu-tools-for-stm32.7-2018-q2-update.linux64_1.4.0.202007081208/tools/bin/../lib/gcc/arm-none-eabi/7.3.1/thumb/v7e-m/fpv5/hard/libgcc.a(_dvmd_tls.o)
                0x0000000008000534                __aeabi_ldiv0
                0x0000000008000534                __aeabi_idiv0
 *(.text*)
 .text.MX_GPIO_Init
                0x0000000008000538       0x78 Core/Src/gpio.o
                0x0000000008000538                MX_GPIO_Init
 .text.main     0x00000000080005b0       0x50 Core/Src/main.o
                0x00000000080005b0                main
 .text.SystemClock_Config
                0x0000000008000600       0xe0 Core/Src/main.o
                0x0000000008000600                SystemClock_Config
 .text.Error_Handler
                0x00000000080006e0        0xe Core/Src/main.o
                0x00000000080006e0                Error_Handler
 *fill*         0x00000000080006ee        0x2 
 .text.HAL_Spirit1_Init
                0x00000000080006f0       0x20 Core/Src/radio_appli.o
                0x00000000080006f0                HAL_Spirit1_Init
 .text.P2P_Process
                0x0000000008000710      0x2a4 Core/Src/radio_appli.o
                0x0000000008000710                P2P_Process
 .text.AppliSendBuff
                0x00000000080009b4       0xd4 Core/Src/radio_appli.o
                0x00000000080009b4                AppliSendBuff
 .text.AppliReceiveBuff
                0x0000000008000a88       0x84 Core/Src/radio_appli.o
                0x0000000008000a88                AppliReceiveBuff
 .text.P2P_Init
                0x0000000008000b0c       0x60 Core/Src/radio_appli.o
                0x0000000008000b0c                P2P_Init
 .text.BasicProtocolInit
                0x0000000008000b6c       0x14 Core/Src/radio_appli.o
                0x0000000008000b6c                BasicProtocolInit
 .text.Set_KeyStatus
                0x0000000008000b80       0x28 Core/Src/radio_appli.o
                0x0000000008000b80                Set_KeyStatus
 .text.P2PInterruptHandler
                0x0000000008000ba8       0xb8 Core/Src/radio_appli.o
                0x0000000008000ba8                P2PInterruptHandler
 .text.HAL_GPIO_EXTI_Callback
                0x0000000008000c60       0x2a Core/Src/radio_appli.o
                0x0000000008000c60                HAL_GPIO_EXTI_Callback
 *fill*         0x0000000008000c8a        0x2 
 .text.BSP_LED_Init
                0x0000000008000c8c       0x60 Core/Src/stm32f769i_discovery.o
                0x0000000008000c8c                BSP_LED_Init
 .text.BSP_LED_Off
                0x0000000008000cec       0x34 Core/Src/stm32f769i_discovery.o
                0x0000000008000cec                BSP_LED_Off
 .text.BSP_LED_Toggle
                0x0000000008000d20       0x34 Core/Src/stm32f769i_discovery.o
                0x0000000008000d20                BSP_LED_Toggle
 .text.BSP_PB_Init
                0x0000000008000d54       0xa8 Core/Src/stm32f769i_discovery.o
                0x0000000008000d54                BSP_PB_Init
 .text.HAL_MspInit
                0x0000000008000dfc       0x48 Core/Src/stm32f7xx_hal_msp.o
                0x0000000008000dfc                HAL_MspInit
 .text.NMI_Handler
                0x0000000008000e44        0xe Core/Src/stm32f7xx_it.o
                0x0000000008000e44                NMI_Handler
 .text.HardFault_Handler
                0x0000000008000e52        0x6 Core/Src/stm32f7xx_it.o
                0x0000000008000e52                HardFault_Handler
 .text.MemManage_Handler
                0x0000000008000e58        0x6 Core/Src/stm32f7xx_it.o
                0x0000000008000e58                MemManage_Handler
 .text.BusFault_Handler
                0x0000000008000e5e        0x6 Core/Src/stm32f7xx_it.o
                0x0000000008000e5e                BusFault_Handler
 .text.UsageFault_Handler
                0x0000000008000e64        0x6 Core/Src/stm32f7xx_it.o
                0x0000000008000e64                UsageFault_Handler
 .text.SVC_Handler
                0x0000000008000e6a        0xe Core/Src/stm32f7xx_it.o
                0x0000000008000e6a                SVC_Handler
 .text.DebugMon_Handler
                0x0000000008000e78        0xe Core/Src/stm32f7xx_it.o
                0x0000000008000e78                DebugMon_Handler
 .text.PendSV_Handler
                0x0000000008000e86        0xe Core/Src/stm32f7xx_it.o
                0x0000000008000e86                PendSV_Handler
 .text.SysTick_Handler
                0x0000000008000e94        0xc Core/Src/stm32f7xx_it.o
                0x0000000008000e94                SysTick_Handler
 .text.EXTI9_5_IRQHandler
                0x0000000008000ea0       0x20 Core/Src/stm32f7xx_it.o
                0x0000000008000ea0                EXTI9_5_IRQHandler
 .text.EXTI0_IRQHandler
                0x0000000008000ec0        0xe Core/Src/stm32f7xx_it.o
                0x0000000008000ec0                EXTI0_IRQHandler
 *fill*         0x0000000008000ece        0x2 
 .text.SystemInit
                0x0000000008000ed0       0x2c Core/Src/system_stm32f7xx.o
                0x0000000008000ed0                SystemInit
 .text.Reset_Handler
                0x0000000008000efc       0x50 Core/Startup/startup_stm32f769nihx.o
                0x0000000008000efc                Reset_Handler
 .text.Default_Handler
                0x0000000008000f4c        0x2 Core/Startup/startup_stm32f769nihx.o
                0x0000000008000f4c                RTC_Alarm_IRQHandler
                0x0000000008000f4c                EXTI2_IRQHandler
                0x0000000008000f4c                TIM8_CC_IRQHandler
                0x0000000008000f4c                UART8_IRQHandler
                0x0000000008000f4c                SPI4_IRQHandler
                0x0000000008000f4c                TIM1_CC_IRQHandler
                0x0000000008000f4c                DMA2_Stream5_IRQHandler
                0x0000000008000f4c                JPEG_IRQHandler
                0x0000000008000f4c                DMA1_Stream5_IRQHandler
                0x0000000008000f4c                CAN3_RX1_IRQHandler
                0x0000000008000f4c                PVD_IRQHandler
                0x0000000008000f4c                TAMP_STAMP_IRQHandler
                0x0000000008000f4c                CAN2_RX1_IRQHandler
                0x0000000008000f4c                EXTI3_IRQHandler
                0x0000000008000f4c                TIM8_TRG_COM_TIM14_IRQHandler
                0x0000000008000f4c                DFSDM1_FLT1_IRQHandler
                0x0000000008000f4c                TIM1_UP_TIM10_IRQHandler
                0x0000000008000f4c                TIM8_UP_TIM13_IRQHandler
                0x0000000008000f4c                I2C3_ER_IRQHandler
                0x0000000008000f4c                DFSDM1_FLT2_IRQHandler
                0x0000000008000f4c                I2C2_EV_IRQHandler
                0x0000000008000f4c                DMA1_Stream2_IRQHandler
                0x0000000008000f4c                CAN1_RX0_IRQHandler
                0x0000000008000f4c                FPU_IRQHandler
                0x0000000008000f4c                OTG_HS_WKUP_IRQHandler
                0x0000000008000f4c                CAN3_SCE_IRQHandler
                0x0000000008000f4c                LTDC_ER_IRQHandler
                0x0000000008000f4c                CAN2_SCE_IRQHandler
                0x0000000008000f4c                DMA2_Stream2_IRQHandler
                0x0000000008000f4c                SPI1_IRQHandler
                0x0000000008000f4c                TIM6_DAC_IRQHandler
                0x0000000008000f4c                TIM1_BRK_TIM9_IRQHandler
                0x0000000008000f4c                DCMI_IRQHandler
                0x0000000008000f4c                CAN2_RX0_IRQHandler
                0x0000000008000f4c                DMA2_Stream3_IRQHandler
                0x0000000008000f4c                SAI2_IRQHandler
                0x0000000008000f4c                DFSDM1_FLT3_IRQHandler
                0x0000000008000f4c                USART6_IRQHandler
                0x0000000008000f4c                CAN3_RX0_IRQHandler
                0x0000000008000f4c                USART3_IRQHandler
                0x0000000008000f4c                CAN1_RX1_IRQHandler
                0x0000000008000f4c                UART5_IRQHandler
                0x0000000008000f4c                DMA2_Stream0_IRQHandler
                0x0000000008000f4c                TIM4_IRQHandler
                0x0000000008000f4c                QUADSPI_IRQHandler
                0x0000000008000f4c                I2C1_EV_IRQHandler
                0x0000000008000f4c                DMA1_Stream6_IRQHandler
                0x0000000008000f4c                DMA1_Stream1_IRQHandler
                0x0000000008000f4c                UART4_IRQHandler
                0x0000000008000f4c                TIM3_IRQHandler
                0x0000000008000f4c                RCC_IRQHandler
                0x0000000008000f4c                TIM8_BRK_TIM12_IRQHandler
                0x0000000008000f4c                Default_Handler
                0x0000000008000f4c                CEC_IRQHandler
                0x0000000008000f4c                EXTI15_10_IRQHandler
                0x0000000008000f4c                ADC_IRQHandler
                0x0000000008000f4c                DMA1_Stream7_IRQHandler
                0x0000000008000f4c                SPI5_IRQHandler
                0x0000000008000f4c                TIM7_IRQHandler
                0x0000000008000f4c                SDMMC1_IRQHandler
                0x0000000008000f4c                CAN2_TX_IRQHandler
                0x0000000008000f4c                TIM5_IRQHandler
                0x0000000008000f4c                DMA2_Stream7_IRQHandler
                0x0000000008000f4c                I2C3_EV_IRQHandler
                0x0000000008000f4c                RTC_WKUP_IRQHandler
                0x0000000008000f4c                LTDC_IRQHandler
                0x0000000008000f4c                ETH_WKUP_IRQHandler
                0x0000000008000f4c                SPDIF_RX_IRQHandler
                0x0000000008000f4c                SPI2_IRQHandler
                0x0000000008000f4c                OTG_HS_EP1_IN_IRQHandler
                0x0000000008000f4c                DMA1_Stream0_IRQHandler
                0x0000000008000f4c                CAN1_TX_IRQHandler
                0x0000000008000f4c                EXTI4_IRQHandler
                0x0000000008000f4c                RNG_IRQHandler
                0x0000000008000f4c                DSI_IRQHandler
                0x0000000008000f4c                ETH_IRQHandler
                0x0000000008000f4c                OTG_HS_EP1_OUT_IRQHandler
                0x0000000008000f4c                WWDG_IRQHandler
                0x0000000008000f4c                SPI6_IRQHandler
                0x0000000008000f4c                MDIOS_IRQHandler
                0x0000000008000f4c                I2C4_EV_IRQHandler
                0x0000000008000f4c                CAN3_TX_IRQHandler
                0x0000000008000f4c                TIM2_IRQHandler
                0x0000000008000f4c                OTG_FS_WKUP_IRQHandler
                0x0000000008000f4c                TIM1_TRG_COM_TIM11_IRQHandler
                0x0000000008000f4c                OTG_HS_IRQHandler
                0x0000000008000f4c                DMA2D_IRQHandler
                0x0000000008000f4c                EXTI1_IRQHandler
                0x0000000008000f4c                SDMMC2_IRQHandler
                0x0000000008000f4c                UART7_IRQHandler
                0x0000000008000f4c                USART2_IRQHandler
                0x0000000008000f4c                DFSDM1_FLT0_IRQHandler
                0x0000000008000f4c                I2C2_ER_IRQHandler
                0x0000000008000f4c                DMA2_Stream1_IRQHandler
                0x0000000008000f4c                CAN1_SCE_IRQHandler
                0x0000000008000f4c                FLASH_IRQHandler
                0x0000000008000f4c                DMA2_Stream4_IRQHandler
                0x0000000008000f4c                USART1_IRQHandler
                0x0000000008000f4c                OTG_FS_IRQHandler
                0x0000000008000f4c                SPI3_IRQHandler
                0x0000000008000f4c                DMA1_Stream4_IRQHandler
                0x0000000008000f4c                I2C1_ER_IRQHandler
                0x0000000008000f4c                FMC_IRQHandler
                0x0000000008000f4c                LPTIM1_IRQHandler
                0x0000000008000f4c                I2C4_ER_IRQHandler
                0x0000000008000f4c                DMA2_Stream6_IRQHandler
                0x0000000008000f4c                SAI1_IRQHandler
                0x0000000008000f4c                DMA1_Stream3_IRQHandler
 *fill*         0x0000000008000f4e        0x2 
 .text.SpiritCalibrationVco
                0x0000000008000f50       0x70 Drivers/BSP/Components/spirit1/SPIRIT1_Library/Src/SPIRIT_Calibration.o
                0x0000000008000f50                SpiritCalibrationVco
 .text.SpiritCalibrationGetVcoCalData
                0x0000000008000fc0       0x38 Drivers/BSP/Components/spirit1/SPIRIT1_Library/Src/SPIRIT_Calibration.o
                0x0000000008000fc0                SpiritCalibrationGetVcoCalData
 .text.SpiritCalibrationSetVcoCalDataTx
                0x0000000008000ff8       0x68 Drivers/BSP/Components/spirit1/SPIRIT1_Library/Src/SPIRIT_Calibration.o
                0x0000000008000ff8                SpiritCalibrationSetVcoCalDataTx
 .text.SpiritCalibrationSetVcoCalDataRx
                0x0000000008001060       0x68 Drivers/BSP/Components/spirit1/SPIRIT1_Library/Src/SPIRIT_Calibration.o
                0x0000000008001060                SpiritCalibrationSetVcoCalDataRx
 .text.SpiritCalibrationSelectVco
                0x00000000080010c8       0x54 Drivers/BSP/Components/spirit1/SPIRIT1_Library/Src/SPIRIT_Calibration.o
                0x00000000080010c8                SpiritCalibrationSelectVco
 .text.SpiritCmdStrobeCommand
                0x000000000800111c       0x30 Drivers/BSP/Components/spirit1/SPIRIT1_Library/Src/SPIRIT_Commands.o
                0x000000000800111c                SpiritCmdStrobeCommand
 .text.SpiritCsmaInit
                0x000000000800114c       0xc8 Drivers/BSP/Components/spirit1/SPIRIT1_Library/Src/SPIRIT_Csma.o
                0x000000000800114c                SpiritCsmaInit
 .text.SpiritCsma
                0x0000000008001214       0x70 Drivers/BSP/Components/spirit1/SPIRIT1_Library/Src/SPIRIT_Csma.o
                0x0000000008001214                SpiritCsma
 .text.SpiritGeneralSetExtRef
                0x0000000008001284       0x60 Drivers/BSP/Components/spirit1/SPIRIT1_Library/Src/SPIRIT_General.o
                0x0000000008001284                SpiritGeneralSetExtRef
 .text.SpiritGpioInit
                0x00000000080012e4       0x48 Drivers/BSP/Components/spirit1/SPIRIT1_Library/Src/SPIRIT_Gpio.o
                0x00000000080012e4                SpiritGpioInit
 .text.SpiritIrqDeInit
                0x000000000800132c       0x4c Drivers/BSP/Components/spirit1/SPIRIT1_Library/Src/SPIRIT_Irq.o
                0x000000000800132c                SpiritIrqDeInit
 .text.SpiritIrq
                0x0000000008001378       0xd0 Drivers/BSP/Components/spirit1/SPIRIT1_Library/Src/SPIRIT_Irq.o
                0x0000000008001378                SpiritIrq
 .text.SpiritIrqGetStatus
                0x0000000008001448       0x64 Drivers/BSP/Components/spirit1/SPIRIT1_Library/Src/SPIRIT_Irq.o
                0x0000000008001448                SpiritIrqGetStatus
 .text.SpiritIrqClearStatus
                0x00000000080014ac       0x30 Drivers/BSP/Components/spirit1/SPIRIT1_Library/Src/SPIRIT_Irq.o
                0x00000000080014ac                SpiritIrqClearStatus
 .text.SpiritLinearFifoReadNumElementsRxFifo
                0x00000000080014dc       0x38 Drivers/BSP/Components/spirit1/SPIRIT1_Library/Src/SPIRIT_LinearFifo.o
                0x00000000080014dc                SpiritLinearFifoReadNumElementsRxFifo
 .text.SpiritManagementSetFrequencyBase
                0x0000000008001514      0x1ec Drivers/BSP/Components/spirit1/SPIRIT1_Library/Src/SPIRIT_Management.o
                0x0000000008001514                SpiritManagementSetFrequencyBase
 .text.SpiritManagementWaVcoCalibration
                0x0000000008001700      0x180 Drivers/BSP/Components/spirit1/SPIRIT1_Library/Src/SPIRIT_Management.o
                0x0000000008001700                SpiritManagementWaVcoCalibration
 .text.SpiritManagementWaCmdStrobeTx
                0x0000000008001880       0x70 Drivers/BSP/Components/spirit1/SPIRIT1_Library/Src/SPIRIT_Management.o
                0x0000000008001880                SpiritManagementWaCmdStrobeTx
 .text.SpiritManagementWaCmdStrobeRx
                0x00000000080018f0       0x38 Drivers/BSP/Components/spirit1/SPIRIT1_Library/Src/SPIRIT_Management.o
                0x00000000080018f0                SpiritManagementWaCmdStrobeRx
 .text.SpiritManagementWaTRxFcMem
                0x0000000008001928       0x28 Drivers/BSP/Components/spirit1/SPIRIT1_Library/Src/SPIRIT_Management.o
                0x0000000008001928                SpiritManagementWaTRxFcMem
 .text.SpiritPktBasicInit
                0x0000000008001950      0x1b0 Drivers/BSP/Components/spirit1/SPIRIT1_Library/Src/SPIRIT_PktBasic.o
                0x0000000008001950                SpiritPktBasicInit
 .text.SpiritPktBasicAddressesInit
                0x0000000008001b00       0xdc Drivers/BSP/Components/spirit1/SPIRIT1_Library/Src/SPIRIT_PktBasic.o
                0x0000000008001b00                SpiritPktBasicAddressesInit
 .text.SpiritPktBasicGetAddressField
                0x0000000008001bdc       0x40 Drivers/BSP/Components/spirit1/SPIRIT1_Library/Src/SPIRIT_PktBasic.o
                0x0000000008001bdc                SpiritPktBasicGetAddressField
 .text.SpiritPktBasicSetPayloadLength
                0x0000000008001c1c       0x70 Drivers/BSP/Components/spirit1/SPIRIT1_Library/Src/SPIRIT_PktBasic.o
                0x0000000008001c1c                SpiritPktBasicSetPayloadLength
 .text.SpiritPktCommonGetControlLength
                0x0000000008001c8c       0x38 Drivers/BSP/Components/spirit1/SPIRIT1_Library/Src/SPIRIT_PktCommon.o
                0x0000000008001c8c                SpiritPktCommonGetControlLength
 .text.SpiritPktCommonFilterOnCrc
                0x0000000008001cc4       0x70 Drivers/BSP/Components/spirit1/SPIRIT1_Library/Src/SPIRIT_PktCommon.o
                0x0000000008001cc4                SpiritPktCommonFilterOnCrc
 .text.SpiritPktCommonSetDestinationAddress
                0x0000000008001d34       0x34 Drivers/BSP/Components/spirit1/SPIRIT1_Library/Src/SPIRIT_PktCommon.o
                0x0000000008001d34                SpiritPktCommonSetDestinationAddress
 .text.SpiritPktCommonGetReceivedDestAddress
                0x0000000008001d68       0x30 Drivers/BSP/Components/spirit1/SPIRIT1_Library/Src/SPIRIT_PktCommon.o
                0x0000000008001d68                SpiritPktCommonGetReceivedDestAddress
 .text.SpiritQiSqiCheck
                0x0000000008001d98       0x70 Drivers/BSP/Components/spirit1/SPIRIT1_Library/Src/SPIRIT_Qi.o
                0x0000000008001d98                SpiritQiSqiCheck
 .text.SpiritQiSetSqiThreshold
                0x0000000008001e08       0x68 Drivers/BSP/Components/spirit1/SPIRIT1_Library/Src/SPIRIT_Qi.o
                0x0000000008001e08                SpiritQiSetSqiThreshold
 .text.SpiritQiSetRssiThresholddBm
                0x0000000008001e70       0x40 Drivers/BSP/Components/spirit1/SPIRIT1_Library/Src/SPIRIT_Qi.o
                0x0000000008001e70                SpiritQiSetRssiThresholddBm
 .text.SpiritRadioInit
                0x0000000008001eb0      0x400 Drivers/BSP/Components/spirit1/SPIRIT1_Library/Src/SPIRIT_Radio.o
                0x0000000008001eb0                SpiritRadioInit
 .text.SpiritRadioSetXtalFlag
                0x00000000080022b0       0x74 Drivers/BSP/Components/spirit1/SPIRIT1_Library/Src/SPIRIT_Radio.o
                0x00000000080022b0                SpiritRadioSetXtalFlag
 .text.SpiritRadioSearchWCP
                0x0000000008002324      0x128 Drivers/BSP/Components/spirit1/SPIRIT1_Library/Src/SPIRIT_Radio.o
                0x0000000008002324                SpiritRadioSearchWCP
 .text.SpiritRadioGetSynthWord
                0x000000000800244c       0x4c Drivers/BSP/Components/spirit1/SPIRIT1_Library/Src/SPIRIT_Radio.o
                0x000000000800244c                SpiritRadioGetSynthWord
 .text.SpiritRadioGetBand
                0x0000000008002498       0x5c Drivers/BSP/Components/spirit1/SPIRIT1_Library/Src/SPIRIT_Radio.o
                0x0000000008002498                SpiritRadioGetBand
 .text.SpiritRadioGetChannel
                0x00000000080024f4       0x30 Drivers/BSP/Components/spirit1/SPIRIT1_Library/Src/SPIRIT_Radio.o
                0x00000000080024f4                SpiritRadioGetChannel
 .text.SpiritRadioGetChannelSpace
                0x0000000008002524       0x40 Drivers/BSP/Components/spirit1/SPIRIT1_Library/Src/SPIRIT_Radio.o
                0x0000000008002524                SpiritRadioGetChannelSpace
 .text.SpiritRadioGetFrequencyOffset
                0x0000000008002564       0x8c Drivers/BSP/Components/spirit1/SPIRIT1_Library/Src/SPIRIT_Radio.o
                0x0000000008002564                SpiritRadioGetFrequencyOffset
 .text.SpiritRadioSetFrequencyBase
                0x00000000080025f0      0x220 Drivers/BSP/Components/spirit1/SPIRIT1_Library/Src/SPIRIT_Radio.o
                0x00000000080025f0                SpiritRadioSetFrequencyBase
 .text.SpiritRadioGetFrequencyBase
                0x0000000008002810       0x78 Drivers/BSP/Components/spirit1/SPIRIT1_Library/Src/SPIRIT_Radio.o
                0x0000000008002810                SpiritRadioGetFrequencyBase
 .text.SpiritRadioSearchDatarateME
                0x0000000008002888      0x168 Drivers/BSP/Components/spirit1/SPIRIT1_Library/Src/SPIRIT_Radio.o
                0x0000000008002888                SpiritRadioSearchDatarateME
 .text.SpiritRadioSearchChannelBwME
                0x00000000080029f0      0x1d8 Drivers/BSP/Components/spirit1/SPIRIT1_Library/Src/SPIRIT_Radio.o
                0x00000000080029f0                SpiritRadioSearchChannelBwME
 .text.SpiritRadioSearchFreqDevME
                0x0000000008002bc8      0x138 Drivers/BSP/Components/spirit1/SPIRIT1_Library/Src/SPIRIT_Radio.o
                0x0000000008002bc8                SpiritRadioSearchFreqDevME
 .text.SpiritRadioGetdBm2Reg
                0x0000000008002d00      0x218 Drivers/BSP/Components/spirit1/SPIRIT1_Library/Src/SPIRIT_Radio.o
                0x0000000008002d00                SpiritRadioGetdBm2Reg
 .text.SpiritRadioSetPALeveldBm
                0x0000000008002f18       0x54 Drivers/BSP/Components/spirit1/SPIRIT1_Library/Src/SPIRIT_Radio.o
                0x0000000008002f18                SpiritRadioSetPALeveldBm
 .text.SpiritRadioSetPACwc
                0x0000000008002f6c       0x58 Drivers/BSP/Components/spirit1/SPIRIT1_Library/Src/SPIRIT_Radio.o
                0x0000000008002f6c                SpiritRadioSetPACwc
 .text.SpiritRadioSetPALevelMaxIndex
                0x0000000008002fc4       0x58 Drivers/BSP/Components/spirit1/SPIRIT1_Library/Src/SPIRIT_Radio.o
                0x0000000008002fc4                SpiritRadioSetPALevelMaxIndex
 .text.SpiritRadioAFCFreezeOnSync
                0x000000000800301c       0x64 Drivers/BSP/Components/spirit1/SPIRIT1_Library/Src/SPIRIT_Radio.o
                0x000000000800301c                SpiritRadioAFCFreezeOnSync
 .text.SpiritRadioCsBlanking
                0x0000000008003080       0x60 Drivers/BSP/Components/spirit1/SPIRIT1_Library/Src/SPIRIT_Radio.o
                0x0000000008003080                SpiritRadioCsBlanking
 .text.SpiritRadioPersistenRx
                0x00000000080030e0       0x60 Drivers/BSP/Components/spirit1/SPIRIT1_Library/Src/SPIRIT_Radio.o
                0x00000000080030e0                SpiritRadioPersistenRx
 .text.SpiritRadioSetRefDiv
                0x0000000008003140       0x60 Drivers/BSP/Components/spirit1/SPIRIT1_Library/Src/SPIRIT_Radio.o
                0x0000000008003140                SpiritRadioSetRefDiv
 .text.SpiritRadioGetRefDiv
                0x00000000080031a0       0x44 Drivers/BSP/Components/spirit1/SPIRIT1_Library/Src/SPIRIT_Radio.o
                0x00000000080031a0                SpiritRadioGetRefDiv
 .text.SpiritRadioSetDigDiv
                0x00000000080031e4       0x60 Drivers/BSP/Components/spirit1/SPIRIT1_Library/Src/SPIRIT_Radio.o
                0x00000000080031e4                SpiritRadioSetDigDiv
 .text.SpiritRadioGetDigDiv
                0x0000000008003244       0x44 Drivers/BSP/Components/spirit1/SPIRIT1_Library/Src/SPIRIT_Radio.o
                0x0000000008003244                SpiritRadioGetDigDiv
 .text.SpiritRadioGetXtalFrequency
                0x0000000008003288       0x18 Drivers/BSP/Components/spirit1/SPIRIT1_Library/Src/SPIRIT_Radio.o
                0x0000000008003288                SpiritRadioGetXtalFrequency
 .text.SpiritRadioSetXtalFrequency
                0x00000000080032a0       0x20 Drivers/BSP/Components/spirit1/SPIRIT1_Library/Src/SPIRIT_Radio.o
                0x00000000080032a0                SpiritRadioSetXtalFrequency
 .text.SpiritTimerSetRxTimeoutMs
                0x00000000080032c0       0x4c Drivers/BSP/Components/spirit1/SPIRIT1_Library/Src/SPIRIT_Timer.o
                0x00000000080032c0                SpiritTimerSetRxTimeoutMs
 .text.SpiritTimerSetRxTimeoutCounter
                0x000000000800330c       0x34 Drivers/BSP/Components/spirit1/SPIRIT1_Library/Src/SPIRIT_Timer.o
                0x000000000800330c                SpiritTimerSetRxTimeoutCounter
 .text.SpiritTimerComputeRxTimeoutValues
                0x0000000008003340      0x268 Drivers/BSP/Components/spirit1/SPIRIT1_Library/Src/SPIRIT_Timer.o
                0x0000000008003340                SpiritTimerComputeRxTimeoutValues
 .text.SpiritTimerSetRxTimeoutStopCondition
                0x00000000080035a8       0x90 Drivers/BSP/Components/spirit1/SPIRIT1_Library/Src/SPIRIT_Timer.o
                0x00000000080035a8                SpiritTimerSetRxTimeoutStopCondition
 .text.SpiritRefreshStatus
                0x0000000008003638       0x4c Drivers/BSP/Components/spirit1/SPIRIT1_Library/Src/SPIRIT_Types.o
                0x0000000008003638                SpiritRefreshStatus
 .text.Spirit1InterfaceInit
                0x0000000008003684       0x44 Drivers/BSP/Components/spirit1/SPIRIT1_Util/Src/SPIRIT1_Util.o
                0x0000000008003684                Spirit1InterfaceInit
 .text.SpiritManagementIdentificationRFBoard
                0x00000000080036c8       0x48 Drivers/BSP/Components/spirit1/SPIRIT1_Util/Src/SPIRIT1_Util.o
                0x00000000080036c8                SpiritManagementIdentificationRFBoard
 .text.SpiritManagementRangeExtInit
                0x0000000008003710       0xf8 Drivers/BSP/Components/spirit1/SPIRIT1_Util/Src/SPIRIT1_Util.o
                0x0000000008003710                SpiritManagementRangeExtInit
 .text.SpiritManagementGetRangeExtender
                0x0000000008003808       0x18 Drivers/BSP/Components/spirit1/SPIRIT1_Util/Src/SPIRIT1_Util.o
                0x0000000008003808                SpiritManagementGetRangeExtender
 .text.Spirit1GpioIrqInit
                0x0000000008003820       0x16 Drivers/BSP/Components/spirit1/SPIRIT1_Util/Src/SPIRIT1_Util.o
                0x0000000008003820                Spirit1GpioIrqInit
 .text.Spirit1RadioInit
                0x0000000008003836       0x16 Drivers/BSP/Components/spirit1/SPIRIT1_Util/Src/SPIRIT1_Util.o
                0x0000000008003836                Spirit1RadioInit
 .text.Spirit1SetPower
                0x000000000800384c       0x2a Drivers/BSP/Components/spirit1/SPIRIT1_Util/Src/SPIRIT1_Util.o
                0x000000000800384c                Spirit1SetPower
 .text.Spirit1PacketConfig
                0x0000000008003876        0xc Drivers/BSP/Components/spirit1/SPIRIT1_Util/Src/SPIRIT1_Util.o
                0x0000000008003876                Spirit1PacketConfig
 .text.Spirit1SetPayloadlength
                0x0000000008003882       0x1c Drivers/BSP/Components/spirit1/SPIRIT1_Util/Src/SPIRIT1_Util.o
                0x0000000008003882                Spirit1SetPayloadlength
 .text.Spirit1SetDestinationAddress
                0x000000000800389e       0x1a Drivers/BSP/Components/spirit1/SPIRIT1_Util/Src/SPIRIT1_Util.o
                0x000000000800389e                Spirit1SetDestinationAddress
 .text.Spirit1EnableTxIrq
                0x00000000080038b8       0x10 Drivers/BSP/Components/spirit1/SPIRIT1_Util/Src/SPIRIT1_Util.o
                0x00000000080038b8                Spirit1EnableTxIrq
 .text.Spirit1EnableRxIrq
                0x00000000080038c8       0x22 Drivers/BSP/Components/spirit1/SPIRIT1_Util/Src/SPIRIT1_Util.o
                0x00000000080038c8                Spirit1EnableRxIrq
 .text.Spirit1DisableIrq
                0x00000000080038ea        0xe Drivers/BSP/Components/spirit1/SPIRIT1_Util/Src/SPIRIT1_Util.o
                0x00000000080038ea                Spirit1DisableIrq
 .text.Spirit1SetRxTimeout
                0x00000000080038f8       0x40 Drivers/BSP/Components/spirit1/SPIRIT1_Util/Src/SPIRIT1_Util.o
                0x00000000080038f8                Spirit1SetRxTimeout
 .text.Spirit1SetRssiTH
                0x0000000008003938       0x16 Drivers/BSP/Components/spirit1/SPIRIT1_Util/Src/SPIRIT1_Util.o
                0x0000000008003938                Spirit1SetRssiTH
 .text.Spirit1EnableSQI
                0x000000000800394e       0x14 Drivers/BSP/Components/spirit1/SPIRIT1_Util/Src/SPIRIT1_Util.o
                0x000000000800394e                Spirit1EnableSQI
 *fill*         0x0000000008003962        0x2 
 .text.Spirit1StartRx
                0x0000000008003964       0x2c Drivers/BSP/Components/spirit1/SPIRIT1_Util/Src/SPIRIT1_Util.o
                0x0000000008003964                Spirit1StartRx
 .text.Spirit1GetRxPacket
                0x0000000008003990       0x38 Drivers/BSP/Components/spirit1/SPIRIT1_Util/Src/SPIRIT1_Util.o
                0x0000000008003990                Spirit1GetRxPacket
 .text.Spirit1StartTx
                0x00000000080039c8       0x6c Drivers/BSP/Components/spirit1/SPIRIT1_Util/Src/SPIRIT1_Util.o
                0x00000000080039c8                Spirit1StartTx
 .text.Spirit1ClearIRQ
                0x0000000008003a34        0xc Drivers/BSP/Components/spirit1/SPIRIT1_Util/Src/SPIRIT1_Util.o
                0x0000000008003a34                Spirit1ClearIRQ
 .text.RadioGpioInit
                0x0000000008003a40      0x114 Drivers/BSP/X-NUCLEO-IDS01Ax/Src/radio_gpio.o
                0x0000000008003a40                RadioGpioInit
 .text.RadioGpioInterruptCmd
                0x0000000008003b54       0x60 Drivers/BSP/X-NUCLEO-IDS01Ax/Src/radio_gpio.o
                0x0000000008003b54                RadioGpioInterruptCmd
 .text.RadioGpioSetLevel
                0x0000000008003bb4       0x38 Drivers/BSP/X-NUCLEO-IDS01Ax/Src/radio_gpio.o
                0x0000000008003bb4                RadioGpioSetLevel
 .text.RadioEnterShutdown
                0x0000000008003bec       0x10 Drivers/BSP/X-NUCLEO-IDS01Ax/Src/radio_gpio.o
                0x0000000008003bec                RadioEnterShutdown
 .text.RadioExitShutdown
                0x0000000008003bfc       0x2a Drivers/BSP/X-NUCLEO-IDS01Ax/Src/radio_gpio.o
                0x0000000008003bfc                RadioExitShutdown
 *fill*         0x0000000008003c26        0x2 
 .text.RadioShieldLedInit
                0x0000000008003c28       0x58 Drivers/BSP/X-NUCLEO-IDS01Ax/Src/radio_shield_config.o
                0x0000000008003c28                RadioShieldLedInit
 .text.RadioShieldLedOn
                0x0000000008003c80       0x2c Drivers/BSP/X-NUCLEO-IDS01Ax/Src/radio_shield_config.o
                0x0000000008003c80                RadioShieldLedOn
 .text.RadioShieldLedOff
                0x0000000008003cac       0x2c Drivers/BSP/X-NUCLEO-IDS01Ax/Src/radio_shield_config.o
                0x0000000008003cac                RadioShieldLedOff
 .text.RadioShieldLedToggle
                0x0000000008003cd8       0x2c Drivers/BSP/X-NUCLEO-IDS01Ax/Src/radio_shield_config.o
                0x0000000008003cd8                RadioShieldLedToggle
 .text.RadioSpiInit
                0x0000000008003d04       0x70 Drivers/BSP/X-NUCLEO-IDS01Ax/Src/radio_spi.o
                0x0000000008003d04                RadioSpiInit
 .text.HAL_SPI_MspInit
                0x0000000008003d74      0x118 Drivers/BSP/X-NUCLEO-IDS01Ax/Src/radio_spi.o
                0x0000000008003d74                HAL_SPI_MspInit
 .text.SPI_Write
                0x0000000008003e8c       0x4c Drivers/BSP/X-NUCLEO-IDS01Ax/Src/radio_spi.o
 .text.SPI_Error
                0x0000000008003ed8       0x18 Drivers/BSP/X-NUCLEO-IDS01Ax/Src/radio_spi.o
 .text.RadioSpiWriteRegisters
                0x0000000008003ef0      0x108 Drivers/BSP/X-NUCLEO-IDS01Ax/Src/radio_spi.o
                0x0000000008003ef0                RadioSpiWriteRegisters
 .text.RadioSpiReadRegisters
                0x0000000008003ff8      0x114 Drivers/BSP/X-NUCLEO-IDS01Ax/Src/radio_spi.o
                0x0000000008003ff8                RadioSpiReadRegisters
 .text.RadioSpiCommandStrobes
                0x000000000800410c       0xe0 Drivers/BSP/X-NUCLEO-IDS01Ax/Src/radio_spi.o
                0x000000000800410c                RadioSpiCommandStrobes
 .text.RadioSpiWriteFifo
                0x00000000080041ec      0x104 Drivers/BSP/X-NUCLEO-IDS01Ax/Src/radio_spi.o
                0x00000000080041ec                RadioSpiWriteFifo
 .text.RadioSpiReadFifo
                0x00000000080042f0      0x10c Drivers/BSP/X-NUCLEO-IDS01Ax/Src/radio_spi.o
                0x00000000080042f0                RadioSpiReadFifo
 .text.HAL_Init
                0x00000000080043fc       0x1a Drivers/STM32F7xx_HAL_Driver/Src/stm32f7xx_hal.o
                0x00000000080043fc                HAL_Init
 *fill*         0x0000000008004416        0x2 
 .text.HAL_InitTick
                0x0000000008004418       0x60 Drivers/STM32F7xx_HAL_Driver/Src/stm32f7xx_hal.o
                0x0000000008004418                HAL_InitTick
 .text.HAL_IncTick
                0x0000000008004478       0x28 Drivers/STM32F7xx_HAL_Driver/Src/stm32f7xx_hal.o
                0x0000000008004478                HAL_IncTick
 .text.HAL_GetTick
                0x00000000080044a0       0x18 Drivers/STM32F7xx_HAL_Driver/Src/stm32f7xx_hal.o
                0x00000000080044a0                HAL_GetTick
 .text.HAL_Delay
                0x00000000080044b8       0x44 Drivers/STM32F7xx_HAL_Driver/Src/stm32f7xx_hal.o
                0x00000000080044b8                HAL_Delay
 .text.__NVIC_SetPriorityGrouping
                0x00000000080044fc       0x48 Drivers/STM32F7xx_HAL_Driver/Src/stm32f7xx_hal_cortex.o
 .text.__NVIC_GetPriorityGrouping
                0x0000000008004544       0x1c Drivers/STM32F7xx_HAL_Driver/Src/stm32f7xx_hal_cortex.o
 .text.__NVIC_EnableIRQ
                0x0000000008004560       0x3c Drivers/STM32F7xx_HAL_Driver/Src/stm32f7xx_hal_cortex.o
 .text.__NVIC_DisableIRQ
                0x000000000800459c       0x44 Drivers/STM32F7xx_HAL_Driver/Src/stm32f7xx_hal_cortex.o
 .text.__NVIC_SetPriority
                0x00000000080045e0       0x54 Drivers/STM32F7xx_HAL_Driver/Src/stm32f7xx_hal_cortex.o
 .text.NVIC_EncodePriority
                0x0000000008004634       0x66 Drivers/STM32F7xx_HAL_Driver/Src/stm32f7xx_hal_cortex.o
 *fill*         0x000000000800469a        0x2 
 .text.SysTick_Config
                0x000000000800469c       0x44 Drivers/STM32F7xx_HAL_Driver/Src/stm32f7xx_hal_cortex.o
 .text.HAL_NVIC_SetPriorityGrouping
                0x00000000080046e0       0x16 Drivers/STM32F7xx_HAL_Driver/Src/stm32f7xx_hal_cortex.o
                0x00000000080046e0                HAL_NVIC_SetPriorityGrouping
 .text.HAL_NVIC_SetPriority
                0x00000000080046f6       0x38 Drivers/STM32F7xx_HAL_Driver/Src/stm32f7xx_hal_cortex.o
                0x00000000080046f6                HAL_NVIC_SetPriority
 .text.HAL_NVIC_EnableIRQ
                0x000000000800472e       0x1c Drivers/STM32F7xx_HAL_Driver/Src/stm32f7xx_hal_cortex.o
                0x000000000800472e                HAL_NVIC_EnableIRQ
 .text.HAL_NVIC_DisableIRQ
                0x000000000800474a       0x1c Drivers/STM32F7xx_HAL_Driver/Src/stm32f7xx_hal_cortex.o
                0x000000000800474a                HAL_NVIC_DisableIRQ
 .text.HAL_SYSTICK_Config
                0x0000000008004766       0x18 Drivers/STM32F7xx_HAL_Driver/Src/stm32f7xx_hal_cortex.o
                0x0000000008004766                HAL_SYSTICK_Config
 *fill*         0x000000000800477e        0x2 
 .text.HAL_GPIO_Init
                0x0000000008004780      0x354 Drivers/STM32F7xx_HAL_Driver/Src/stm32f7xx_hal_gpio.o
                0x0000000008004780                HAL_GPIO_Init
 .text.HAL_GPIO_WritePin
                0x0000000008004ad4       0x32 Drivers/STM32F7xx_HAL_Driver/Src/stm32f7xx_hal_gpio.o
                0x0000000008004ad4                HAL_GPIO_WritePin
 .text.HAL_GPIO_TogglePin
                0x0000000008004b06       0x34 Drivers/STM32F7xx_HAL_Driver/Src/stm32f7xx_hal_gpio.o
                0x0000000008004b06                HAL_GPIO_TogglePin
 *fill*         0x0000000008004b3a        0x2 
 .text.HAL_GPIO_EXTI_IRQHandler
                0x0000000008004b3c       0x30 Drivers/STM32F7xx_HAL_Driver/Src/stm32f7xx_hal_gpio.o
                0x0000000008004b3c                HAL_GPIO_EXTI_IRQHandler
 .text.HAL_PWR_EnableBkUpAccess
                0x0000000008004b6c       0x20 Drivers/STM32F7xx_HAL_Driver/Src/stm32f7xx_hal_pwr.o
                0x0000000008004b6c                HAL_PWR_EnableBkUpAccess
 .text.HAL_PWREx_EnableOverDrive
                0x0000000008004b8c       0xa0 Drivers/STM32F7xx_HAL_Driver/Src/stm32f7xx_hal_pwr_ex.o
                0x0000000008004b8c                HAL_PWREx_EnableOverDrive
 .text.HAL_RCC_OscConfig
                0x0000000008004c2c      0x55c Drivers/STM32F7xx_HAL_Driver/Src/stm32f7xx_hal_rcc.o
                0x0000000008004c2c                HAL_RCC_OscConfig
 .text.HAL_RCC_ClockConfig
                0x0000000008005188      0x1d8 Drivers/STM32F7xx_HAL_Driver/Src/stm32f7xx_hal_rcc.o
                0x0000000008005188                HAL_RCC_ClockConfig
 .text.HAL_RCC_GetSysClockFreq
                0x0000000008005360      0x164 Drivers/STM32F7xx_HAL_Driver/Src/stm32f7xx_hal_rcc.o
                0x0000000008005360                HAL_RCC_GetSysClockFreq
 .text.HAL_SPI_Init
                0x00000000080054c4      0x124 Drivers/STM32F7xx_HAL_Driver/Src/stm32f7xx_hal_spi.o
                0x00000000080054c4                HAL_SPI_Init
 .text.HAL_SPI_DeInit
                0x00000000080055e8       0x50 Drivers/STM32F7xx_HAL_Driver/Src/stm32f7xx_hal_spi.o
                0x00000000080055e8                HAL_SPI_DeInit
 .text.HAL_SPI_MspDeInit
                0x0000000008005638       0x14 Drivers/STM32F7xx_HAL_Driver/Src/stm32f7xx_hal_spi.o
                0x0000000008005638                HAL_SPI_MspDeInit
 .text.HAL_SPI_Transmit
                0x000000000800564c      0x2cc Drivers/STM32F7xx_HAL_Driver/Src/stm32f7xx_hal_spi.o
                0x000000000800564c                HAL_SPI_Transmit
 .text.HAL_SPI_TransmitReceive
                0x0000000008005918      0x426 Drivers/STM32F7xx_HAL_Driver/Src/stm32f7xx_hal_spi.o
                0x0000000008005918                HAL_SPI_TransmitReceive
 .text.HAL_SPI_GetState
                0x0000000008005d3e       0x1c Drivers/STM32F7xx_HAL_Driver/Src/stm32f7xx_hal_spi.o
                0x0000000008005d3e                HAL_SPI_GetState
 .text.SPI_WaitFlagStateUntilTimeout
                0x0000000008005d5a       0xd4 Drivers/STM32F7xx_HAL_Driver/Src/stm32f7xx_hal_spi.o
 .text.SPI_WaitFifoStateUntilTimeout
                0x0000000008005e2e       0xda Drivers/STM32F7xx_HAL_Driver/Src/stm32f7xx_hal_spi.o
 .text.SPI_EndRxTxTransaction
                0x0000000008005f08       0x8c Drivers/STM32F7xx_HAL_Driver/Src/stm32f7xx_hal_spi.o
 .text.__libc_init_array
                0x0000000008005f94       0x48 /opt/st/stm32cubeide_1.4.0/plugins/com.st.stm32cube.ide.mcu.externaltools.gnu-tools-for-stm32.7-2018-q2-update.linux64_1.4.0.202007081208/tools/bin/../lib/gcc/arm-none-eabi/7.3.1/../../../../arm-none-eabi/lib/thumb/v7e-m/fpv5/hard/libc_nano.a(lib_a-init.o)
                0x0000000008005f94                __libc_init_array
 .text.memset   0x0000000008005fdc       0x10 /opt/st/stm32cubeide_1.4.0/plugins/com.st.stm32cube.ide.mcu.externaltools.gnu-tools-for-stm32.7-2018-q2-update.linux64_1.4.0.202007081208/tools/bin/../lib/gcc/arm-none-eabi/7.3.1/../../../../arm-none-eabi/lib/thumb/v7e-m/fpv5/hard/libc_nano.a(lib_a-memset.o)
                0x0000000008005fdc                memset
 .text.round    0x0000000008005fec       0x8c /opt/st/stm32cubeide_1.4.0/plugins/com.st.stm32cube.ide.mcu.externaltools.gnu-tools-for-stm32.7-2018-q2-update.linux64_1.4.0.202007081208/tools/bin/../lib/gcc/arm-none-eabi/7.3.1/../../../../arm-none-eabi/lib/thumb/v7e-m/fpv5/hard/libm.a(lib_a-s_round.o)
                0x0000000008005fec                round
 *(.glue_7)
 .glue_7        0x0000000008006078        0x0 linker stubs
 *(.glue_7t)
 .glue_7t       0x0000000008006078        0x0 linker stubs
 *(.eh_frame)
 .eh_frame      0x0000000008006078        0x0 /opt/st/stm32cubeide_1.4.0/plugins/com.st.stm32cube.ide.mcu.externaltools.gnu-tools-for-stm32.7-2018-q2-update.linux64_1.4.0.202007081208/tools/bin/../lib/gcc/arm-none-eabi/7.3.1/thumb/v7e-m/fpv5/hard/crtbegin.o
 *(.init)
 .init          0x0000000008006078        0x4 /opt/st/stm32cubeide_1.4.0/plugins/com.st.stm32cube.ide.mcu.externaltools.gnu-tools-for-stm32.7-2018-q2-update.linux64_1.4.0.202007081208/tools/bin/../lib/gcc/arm-none-eabi/7.3.1/thumb/v7e-m/fpv5/hard/crti.o
                0x0000000008006078                _init
 .init          0x000000000800607c        0x8 /opt/st/stm32cubeide_1.4.0/plugins/com.st.stm32cube.ide.mcu.externaltools.gnu-tools-for-stm32.7-2018-q2-update.linux64_1.4.0.202007081208/tools/bin/../lib/gcc/arm-none-eabi/7.3.1/thumb/v7e-m/fpv5/hard/crtn.o
 *(.fini)
 .fini          0x0000000008006084        0x4 /opt/st/stm32cubeide_1.4.0/plugins/com.st.stm32cube.ide.mcu.externaltools.gnu-tools-for-stm32.7-2018-q2-update.linux64_1.4.0.202007081208/tools/bin/../lib/gcc/arm-none-eabi/7.3.1/thumb/v7e-m/fpv5/hard/crti.o
                0x0000000008006084                _fini
 .fini          0x0000000008006088        0x8 /opt/st/stm32cubeide_1.4.0/plugins/com.st.stm32cube.ide.mcu.externaltools.gnu-tools-for-stm32.7-2018-q2-update.linux64_1.4.0.202007081208/tools/bin/../lib/gcc/arm-none-eabi/7.3.1/thumb/v7e-m/fpv5/hard/crtn.o
                0x0000000008006090                . = ALIGN (0x4)
                0x0000000008006090                _etext = .

.vfp11_veneer   0x0000000008006090        0x0
 .vfp11_veneer  0x0000000008006090        0x0 linker stubs

.v4_bx          0x0000000008006090        0x0
 .v4_bx         0x0000000008006090        0x0 linker stubs

.iplt           0x0000000008006090        0x0
 .iplt          0x0000000008006090        0x0 /opt/st/stm32cubeide_1.4.0/plugins/com.st.stm32cube.ide.mcu.externaltools.gnu-tools-for-stm32.7-2018-q2-update.linux64_1.4.0.202007081208/tools/bin/../lib/gcc/arm-none-eabi/7.3.1/thumb/v7e-m/fpv5/hard/crtbegin.o

.rodata         0x0000000008006090      0x1c8
                0x0000000008006090                . = ALIGN (0x4)
 *(.rodata)
 .rodata        0x0000000008006090       0x13 Drivers/BSP/Components/spirit1/SPIRIT1_Util/Src/SPIRIT1_Util.o
 *(.rodata*)
 *fill*         0x00000000080060a3        0x1 
 .rodata.AHBPrescTable
                0x00000000080060a4       0x10 Core/Src/system_stm32f7xx.o
                0x00000000080060a4                AHBPrescTable
 .rodata.s_vectcBandRegValue
                0x00000000080060b4        0x4 Drivers/BSP/Components/spirit1/SPIRIT1_Library/Src/SPIRIT_Management.o
 .rodata.s_vectcBHalfFactor
                0x00000000080060b8        0x4 Drivers/BSP/Components/spirit1/SPIRIT1_Library/Src/SPIRIT_Management.o
 .rodata.s_vectcBHalfFactor
                0x00000000080060bc        0x4 Drivers/BSP/Components/spirit1/SPIRIT1_Library/Src/SPIRIT_Radio.o
 .rodata.s_vectcBandRegValue
                0x00000000080060c0        0x4 Drivers/BSP/Components/spirit1/SPIRIT1_Library/Src/SPIRIT_Radio.o
 .rodata.s_vectnBandwidth26M
                0x00000000080060c4       0xb4 Drivers/BSP/Components/spirit1/SPIRIT1_Library/Src/SPIRIT_Radio.o
 .rodata.s_vectnVCOFreq
                0x0000000008006178       0x20 Drivers/BSP/Components/spirit1/SPIRIT1_Library/Src/SPIRIT_Radio.o
 .rodata.fPowerFactors
                0x0000000008006198       0x78 Drivers/BSP/Components/spirit1/SPIRIT1_Library/Src/SPIRIT_Radio.o
 .rodata.aRADIO_GPIO_PIN
                0x0000000008006210        0xa Drivers/BSP/X-NUCLEO-IDS01Ax/Src/radio_gpio.o
 *fill*         0x000000000800621a        0x2 
 .rodata.aRADIO_GPIO_SPEED
                0x000000000800621c       0x14 Drivers/BSP/X-NUCLEO-IDS01Ax/Src/radio_gpio.o
 .rodata.aRADIO_GPIO_PUPD
                0x0000000008006230       0x14 Drivers/BSP/X-NUCLEO-IDS01Ax/Src/radio_gpio.o
 .rodata.aRADIO_GPIO_EXTI_MODE
                0x0000000008006244       0x10 Drivers/BSP/X-NUCLEO-IDS01Ax/Src/radio_gpio.o
 .rodata.aRADIO_GPIO_IRQn
                0x0000000008006254        0x4 Drivers/BSP/X-NUCLEO-IDS01Ax/Src/radio_gpio.o
                0x0000000008006258                . = ALIGN (0x4)

.ARM.extab      0x0000000008006258        0x0
                0x0000000008006258                . = ALIGN (0x4)
 *(.ARM.extab* .gnu.linkonce.armextab.*)
                0x0000000008006258                . = ALIGN (0x4)

.ARM            0x0000000008006258        0x8
                0x0000000008006258                . = ALIGN (0x4)
                0x0000000008006258                __exidx_start = .
 *(.ARM.exidx*)
 .ARM.exidx     0x0000000008006258        0x8 /opt/st/stm32cubeide_1.4.0/plugins/com.st.stm32cube.ide.mcu.externaltools.gnu-tools-for-stm32.7-2018-q2-update.linux64_1.4.0.202007081208/tools/bin/../lib/gcc/arm-none-eabi/7.3.1/thumb/v7e-m/fpv5/hard/libgcc.a(_udivmoddi4.o)
                0x0000000008006260                __exidx_end = .
                0x0000000008006260                . = ALIGN (0x4)

.rel.dyn        0x0000000008006260        0x0
 .rel.iplt      0x0000000008006260        0x0 /opt/st/stm32cubeide_1.4.0/plugins/com.st.stm32cube.ide.mcu.externaltools.gnu-tools-for-stm32.7-2018-q2-update.linux64_1.4.0.202007081208/tools/bin/../lib/gcc/arm-none-eabi/7.3.1/thumb/v7e-m/fpv5/hard/crtbegin.o

.preinit_array  0x0000000008006260        0x0
                0x0000000008006260                . = ALIGN (0x4)
                0x0000000008006260                PROVIDE (__preinit_array_start = .)
 *(.preinit_array*)
                0x0000000008006260                PROVIDE (__preinit_array_end = .)
                0x0000000008006260                . = ALIGN (0x4)

.init_array     0x0000000008006260        0x4
                0x0000000008006260                . = ALIGN (0x4)
                0x0000000008006260                PROVIDE (__init_array_start = .)
 *(SORT_BY_NAME(.init_array.*))
 *(.init_array*)
 .init_array    0x0000000008006260        0x4 /opt/st/stm32cubeide_1.4.0/plugins/com.st.stm32cube.ide.mcu.externaltools.gnu-tools-for-stm32.7-2018-q2-update.linux64_1.4.0.202007081208/tools/bin/../lib/gcc/arm-none-eabi/7.3.1/thumb/v7e-m/fpv5/hard/crtbegin.o
                0x0000000008006264                PROVIDE (__init_array_end = .)
                0x0000000008006264                . = ALIGN (0x4)

.fini_array     0x0000000008006264        0x4
                0x0000000008006264                . = ALIGN (0x4)
                [!provide]                        PROVIDE (__fini_array_start = .)
 *(SORT_BY_NAME(.fini_array.*))
 *(.fini_array*)
 .fini_array    0x0000000008006264        0x4 /opt/st/stm32cubeide_1.4.0/plugins/com.st.stm32cube.ide.mcu.externaltools.gnu-tools-for-stm32.7-2018-q2-update.linux64_1.4.0.202007081208/tools/bin/../lib/gcc/arm-none-eabi/7.3.1/thumb/v7e-m/fpv5/hard/crtbegin.o
                [!provide]                        PROVIDE (__fini_array_end = .)
                0x0000000008006268                . = ALIGN (0x4)
                0x0000000008006268                _sidata = LOADADDR (.data)

.data           0x0000000020000000       0xdc load address 0x0000000008006268
                0x0000000020000000                . = ALIGN (0x4)
                0x0000000020000000                _sdata = .
 *(.data)
 *(.data*)
 .data.TxLength
                0x0000000020000000        0x1 Core/Src/main.o
                0x0000000020000000                TxLength
 *fill*         0x0000000020000001        0x3 
 .data.aTransmitBuffer
                0x0000000020000004       0x14 Core/Src/main.o
                0x0000000020000004                aTransmitBuffer
 .data.radio_cb
                0x0000000020000018       0x44 Core/Src/radio_appli.o
                0x0000000020000018                radio_cb
 .data.xGpioIRQ
                0x000000002000005c        0x3 Core/Src/radio_appli.o
                0x000000002000005c                xGpioIRQ
 *fill*         0x000000002000005f        0x1 
 .data.xRadioInit
                0x0000000020000060       0x1c Core/Src/radio_appli.o
                0x0000000020000060                xRadioInit
 .data.xBasicInit
                0x000000002000007c       0x10 Core/Src/radio_appli.o
                0x000000002000007c                xBasicInit
 .data.xAddressInit
                0x000000002000008c        0x6 Core/Src/radio_appli.o
                0x000000002000008c                xAddressInit
 *fill*         0x0000000020000092        0x2 
 .data.xCsmaInit
                0x0000000020000094        0x8 Core/Src/radio_appli.o
                0x0000000020000094                xCsmaInit
 .data.GPIO_PIN
                0x000000002000009c        0x8 Core/Src/stm32f769i_discovery.o
                0x000000002000009c                GPIO_PIN
 .data.GPIO_PORT
                0x00000000200000a4        0x8 Core/Src/stm32f769i_discovery.o
                0x00000000200000a4                GPIO_PORT
 .data.BUTTON_PORT
                0x00000000200000ac        0x4 Core/Src/stm32f769i_discovery.o
                0x00000000200000ac                BUTTON_PORT
 .data.SystemCoreClock
                0x00000000200000b0        0x4 Core/Src/system_stm32f7xx.o
                0x00000000200000b0                SystemCoreClock
 .data.s_cCommunicationState
                0x00000000200000b4        0x1 Drivers/BSP/Components/spirit1/SPIRIT1_Library/Src/SPIRIT_Management.o
 .data.xDoVcoCalibrationWA
                0x00000000200000b5        0x1 Drivers/BSP/Components/spirit1/SPIRIT1_Library/Src/SPIRIT_Radio.o
 *fill*         0x00000000200000b6        0x2 
 .data.aRADIO_GPIO_PORT
                0x00000000200000b8       0x14 Drivers/BSP/X-NUCLEO-IDS01Ax/Src/radio_gpio.o
                0x00000000200000b8                aRADIO_GPIO_PORT
 .data.aLED_GPIO_PORT
                0x00000000200000cc        0x4 Drivers/BSP/X-NUCLEO-IDS01Ax/Src/radio_shield_config.o
                0x00000000200000cc                aLED_GPIO_PORT
 .data.SpiTimeout
                0x00000000200000d0        0x4 Drivers/BSP/X-NUCLEO-IDS01Ax/Src/radio_spi.o
                0x00000000200000d0                SpiTimeout
 .data.uwTickPrio
                0x00000000200000d4        0x4 Drivers/STM32F7xx_HAL_Driver/Src/stm32f7xx_hal.o
                0x00000000200000d4                uwTickPrio
 .data.uwTickFreq
                0x00000000200000d8        0x1 Drivers/STM32F7xx_HAL_Driver/Src/stm32f7xx_hal.o
                0x00000000200000d8                uwTickFreq
                0x00000000200000dc                . = ALIGN (0x4)
 *fill*         0x00000000200000d9        0x3 
                0x00000000200000dc                _edata = .

.igot.plt       0x00000000200000dc        0x0 load address 0x0000000008006344
 .igot.plt      0x00000000200000dc        0x0 /opt/st/stm32cubeide_1.4.0/plugins/com.st.stm32cube.ide.mcu.externaltools.gnu-tools-for-stm32.7-2018-q2-update.linux64_1.4.0.202007081208/tools/bin/../lib/gcc/arm-none-eabi/7.3.1/thumb/v7e-m/fpv5/hard/crtbegin.o
                0x00000000200000dc                . = ALIGN (0x4)

.bss            0x00000000200000dc      0x190 load address 0x0000000008006344
                0x00000000200000dc                _sbss = .
                0x00000000200000dc                __bss_start__ = _sbss
 *(.bss)
 .bss           0x00000000200000dc       0x1c /opt/st/stm32cubeide_1.4.0/plugins/com.st.stm32cube.ide.mcu.externaltools.gnu-tools-for-stm32.7-2018-q2-update.linux64_1.4.0.202007081208/tools/bin/../lib/gcc/arm-none-eabi/7.3.1/thumb/v7e-m/fpv5/hard/crtbegin.o
 *(.bss*)
 .bss.RxLength  0x00000000200000f8        0x1 Core/Src/main.o
                0x00000000200000f8                RxLength
 *fill*         0x00000000200000f9        0x3 
 .bss.aReceiveBuffer
                0x00000000200000fc       0x60 Core/Src/main.o
                0x00000000200000fc                aReceiveBuffer
 .bss.xRxDoneFlag
                0x000000002000015c        0x1 Core/Src/radio_appli.o
                0x000000002000015c                xRxDoneFlag
 .bss.xTxDoneFlag
                0x000000002000015d        0x1 Core/Src/radio_appli.o
                0x000000002000015d                xTxDoneFlag
 .bss.rx_timeout
                0x000000002000015e        0x1 Core/Src/radio_appli.o
                0x000000002000015e                rx_timeout
 .bss.exitTime  0x000000002000015f        0x1 Core/Src/radio_appli.o
                0x000000002000015f                exitTime
 .bss.xTxFrame  0x0000000020000160        0xc Core/Src/radio_appli.o
 .bss.xRxFrame  0x000000002000016c        0xc Core/Src/radio_appli.o
 .bss.TxFrameBuff
                0x0000000020000178       0x60 Core/Src/radio_appli.o
                0x0000000020000178                TxFrameBuff
 .bss.exitCounter
                0x00000000200001d8        0x2 Core/Src/radio_appli.o
                0x00000000200001d8                exitCounter
 .bss.txCounter
                0x00000000200001da        0x2 Core/Src/radio_appli.o
                0x00000000200001da                txCounter
 .bss.SM_State  0x00000000200001dc        0x1 Core/Src/radio_appli.o
                0x00000000200001dc                SM_State
 *fill*         0x00000000200001dd        0x3 
 .bss.s_nDesiredFrequency
                0x00000000200001e0        0x4 Drivers/BSP/Components/spirit1/SPIRIT1_Library/Src/SPIRIT_Management.o
 .bss.s_lXtalFrequency
                0x00000000200001e4        0x4 Drivers/BSP/Components/spirit1/SPIRIT1_Library/Src/SPIRIT_Radio.o
 .bss.xRangeExtType
                0x00000000200001e8        0x1 Drivers/BSP/Components/spirit1/SPIRIT1_Util/Src/SPIRIT1_Util.o
 *(COMMON)
 *fill*         0x00000000200001e9        0x3 
 COMMON         0x00000000200001ec       0x14 Core/Src/radio_appli.o
                0x00000000200001ec                xIrqStatus
                0x00000000200001f0                pMCU_LPM_Comm
                0x00000000200001f4                DestinationAddr
                0x00000000200001f8                pRadio_LPM_Comm
                0x00000000200001fc                pRadioDriver
 COMMON         0x0000000020000200        0x2 Drivers/BSP/Components/spirit1/SPIRIT1_Library/Src/SPIRIT_Types.o
                0x0000000020000200                g_xStatus
 *fill*         0x0000000020000202        0x2 
 COMMON         0x0000000020000204       0x64 Drivers/BSP/X-NUCLEO-IDS01Ax/Src/radio_spi.o
                0x0000000020000204                pSpiHandle
 COMMON         0x0000000020000268        0x4 Drivers/STM32F7xx_HAL_Driver/Src/stm32f7xx_hal.o
                0x0000000020000268                uwTick
                0x000000002000026c                . = ALIGN (0x4)
                0x000000002000026c                _ebss = .
                0x000000002000026c                __bss_end__ = _ebss

._user_heap_stack
                0x000000002000026c      0x604 load address 0x0000000008006344
                0x0000000020000270                . = ALIGN (0x8)
 *fill*         0x000000002000026c        0x4 
                [!provide]                        PROVIDE (end = .)
                0x0000000020000270                PROVIDE (_end = .)
                0x0000000020000470                . = (. + _Min_Heap_Size)
 *fill*         0x0000000020000270      0x200 
                0x0000000020000870                . = (. + _Min_Stack_Size)
 *fill*         0x0000000020000470      0x400 
                0x0000000020000870                . = ALIGN (0x8)

/DISCARD/
 libc.a(*)
 libm.a(*)
 libgcc.a(*)

.ARM.attributes
                0x0000000000000000       0x2e
 *(.ARM.attributes)
 .ARM.attributes
                0x0000000000000000       0x20 /opt/st/stm32cubeide_1.4.0/plugins/com.st.stm32cube.ide.mcu.externaltools.gnu-tools-for-stm32.7-2018-q2-update.linux64_1.4.0.202007081208/tools/bin/../lib/gcc/arm-none-eabi/7.3.1/thumb/v7e-m/fpv5/hard/crti.o
 .ARM.attributes
                0x0000000000000020       0x32 /opt/st/stm32cubeide_1.4.0/plugins/com.st.stm32cube.ide.mcu.externaltools.gnu-tools-for-stm32.7-2018-q2-update.linux64_1.4.0.202007081208/tools/bin/../lib/gcc/arm-none-eabi/7.3.1/thumb/v7e-m/fpv5/hard/crtbegin.o
 .ARM.attributes
                0x0000000000000052       0x37 Core/Src/gpio.o
 .ARM.attributes
                0x0000000000000089       0x37 Core/Src/main.o
 .ARM.attributes
                0x00000000000000c0       0x37 Core/Src/radio_appli.o
 .ARM.attributes
                0x00000000000000f7       0x37 Core/Src/stm32f769i_discovery.o
 .ARM.attributes
                0x000000000000012e       0x37 Core/Src/stm32f7xx_hal_msp.o
 .ARM.attributes
                0x0000000000000165       0x37 Core/Src/stm32f7xx_it.o
 .ARM.attributes
                0x000000000000019c       0x37 Core/Src/system_stm32f7xx.o
 .ARM.attributes
                0x00000000000001d3       0x21 Core/Startup/startup_stm32f769nihx.o
 .ARM.attributes
                0x00000000000001f4       0x37 Drivers/BSP/Components/spirit1/SPIRIT1_Library/Src/SPIRIT_Calibration.o
 .ARM.attributes
                0x000000000000022b       0x37 Drivers/BSP/Components/spirit1/SPIRIT1_Library/Src/SPIRIT_Commands.o
 .ARM.attributes
                0x0000000000000262       0x37 Drivers/BSP/Components/spirit1/SPIRIT1_Library/Src/SPIRIT_Csma.o
 .ARM.attributes
                0x0000000000000299       0x37 Drivers/BSP/Components/spirit1/SPIRIT1_Library/Src/SPIRIT_General.o
 .ARM.attributes
                0x00000000000002d0       0x37 Drivers/BSP/Components/spirit1/SPIRIT1_Library/Src/SPIRIT_Gpio.o
 .ARM.attributes
                0x0000000000000307       0x37 Drivers/BSP/Components/spirit1/SPIRIT1_Library/Src/SPIRIT_Irq.o
 .ARM.attributes
                0x000000000000033e       0x37 Drivers/BSP/Components/spirit1/SPIRIT1_Library/Src/SPIRIT_LinearFifo.o
 .ARM.attributes
                0x0000000000000375       0x37 Drivers/BSP/Components/spirit1/SPIRIT1_Library/Src/SPIRIT_Management.o
 .ARM.attributes
                0x00000000000003ac       0x37 Drivers/BSP/Components/spirit1/SPIRIT1_Library/Src/SPIRIT_PktBasic.o
 .ARM.attributes
                0x00000000000003e3       0x37 Drivers/BSP/Components/spirit1/SPIRIT1_Library/Src/SPIRIT_PktCommon.o
 .ARM.attributes
                0x000000000000041a       0x37 Drivers/BSP/Components/spirit1/SPIRIT1_Library/Src/SPIRIT_Qi.o
 .ARM.attributes
                0x0000000000000451       0x37 Drivers/BSP/Components/spirit1/SPIRIT1_Library/Src/SPIRIT_Radio.o
 .ARM.attributes
                0x0000000000000488       0x37 Drivers/BSP/Components/spirit1/SPIRIT1_Library/Src/SPIRIT_Timer.o
 .ARM.attributes
                0x00000000000004bf       0x37 Drivers/BSP/Components/spirit1/SPIRIT1_Library/Src/SPIRIT_Types.o
 .ARM.attributes
                0x00000000000004f6       0x37 Drivers/BSP/Components/spirit1/SPIRIT1_Util/Src/SPIRIT1_Util.o
 .ARM.attributes
                0x000000000000052d       0x37 Drivers/BSP/X-NUCLEO-IDS01Ax/Src/radio_gpio.o
 .ARM.attributes
                0x0000000000000564       0x37 Drivers/BSP/X-NUCLEO-IDS01Ax/Src/radio_shield_config.o
 .ARM.attributes
                0x000000000000059b       0x37 Drivers/BSP/X-NUCLEO-IDS01Ax/Src/radio_spi.o
 .ARM.attributes
                0x00000000000005d2       0x37 Drivers/STM32F7xx_HAL_Driver/Src/stm32f7xx_hal.o
 .ARM.attributes
                0x0000000000000609       0x37 Drivers/STM32F7xx_HAL_Driver/Src/stm32f7xx_hal_cortex.o
 .ARM.attributes
                0x0000000000000640       0x37 Drivers/STM32F7xx_HAL_Driver/Src/stm32f7xx_hal_gpio.o
 .ARM.attributes
                0x0000000000000677       0x37 Drivers/STM32F7xx_HAL_Driver/Src/stm32f7xx_hal_pwr.o
 .ARM.attributes
                0x00000000000006ae       0x37 Drivers/STM32F7xx_HAL_Driver/Src/stm32f7xx_hal_pwr_ex.o
 .ARM.attributes
                0x00000000000006e5       0x37 Drivers/STM32F7xx_HAL_Driver/Src/stm32f7xx_hal_rcc.o
 .ARM.attributes
                0x000000000000071c       0x37 Drivers/STM32F7xx_HAL_Driver/Src/stm32f7xx_hal_spi.o
 .ARM.attributes
                0x0000000000000753       0x32 /opt/st/stm32cubeide_1.4.0/plugins/com.st.stm32cube.ide.mcu.externaltools.gnu-tools-for-stm32.7-2018-q2-update.linux64_1.4.0.202007081208/tools/bin/../lib/gcc/arm-none-eabi/7.3.1/../../../../arm-none-eabi/lib/thumb/v7e-m/fpv5/hard/libc_nano.a(lib_a-init.o)
 .ARM.attributes
                0x0000000000000785       0x32 /opt/st/stm32cubeide_1.4.0/plugins/com.st.stm32cube.ide.mcu.externaltools.gnu-tools-for-stm32.7-2018-q2-update.linux64_1.4.0.202007081208/tools/bin/../lib/gcc/arm-none-eabi/7.3.1/../../../../arm-none-eabi/lib/thumb/v7e-m/fpv5/hard/libc_nano.a(lib_a-memset.o)
 .ARM.attributes
                0x00000000000007b7       0x32 /opt/st/stm32cubeide_1.4.0/plugins/com.st.stm32cube.ide.mcu.externaltools.gnu-tools-for-stm32.7-2018-q2-update.linux64_1.4.0.202007081208/tools/bin/../lib/gcc/arm-none-eabi/7.3.1/../../../../arm-none-eabi/lib/thumb/v7e-m/fpv5/hard/libm.a(lib_a-s_round.o)
 .ARM.attributes
                0x00000000000007e9       0x20 /opt/st/stm32cubeide_1.4.0/plugins/com.st.stm32cube.ide.mcu.externaltools.gnu-tools-for-stm32.7-2018-q2-update.linux64_1.4.0.202007081208/tools/bin/../lib/gcc/arm-none-eabi/7.3.1/thumb/v7e-m/fpv5/hard/libgcc.a(_aeabi_uldivmod.o)
 .ARM.attributes
                0x0000000000000809       0x32 /opt/st/stm32cubeide_1.4.0/plugins/com.st.stm32cube.ide.mcu.externaltools.gnu-tools-for-stm32.7-2018-q2-update.linux64_1.4.0.202007081208/tools/bin/../lib/gcc/arm-none-eabi/7.3.1/thumb/v7e-m/fpv5/hard/libgcc.a(_udivmoddi4.o)
 .ARM.attributes
                0x000000000000083b       0x20 /opt/st/stm32cubeide_1.4.0/plugins/com.st.stm32cube.ide.mcu.externaltools.gnu-tools-for-stm32.7-2018-q2-update.linux64_1.4.0.202007081208/tools/bin/../lib/gcc/arm-none-eabi/7.3.1/thumb/v7e-m/fpv5/hard/libgcc.a(_dvmd_tls.o)
 .ARM.attributes
                0x000000000000085b       0x20 /opt/st/stm32cubeide_1.4.0/plugins/com.st.stm32cube.ide.mcu.externaltools.gnu-tools-for-stm32.7-2018-q2-update.linux64_1.4.0.202007081208/tools/bin/../lib/gcc/arm-none-eabi/7.3.1/thumb/v7e-m/fpv5/hard/crtn.o
OUTPUT(STM32F769-SPSGRF868.elf elf32-littlearm)

.debug_info     0x0000000000000000    0x1cee4
 .debug_info    0x0000000000000000      0x3c1 Core/Src/gpio.o
 .debug_info    0x00000000000003c1     0x10f0 Core/Src/main.o
 .debug_info    0x00000000000014b1     0x1c3e Core/Src/radio_appli.o
 .debug_info    0x00000000000030ef     0x160c Core/Src/stm32f769i_discovery.o
 .debug_info    0x00000000000046fb      0x389 Core/Src/stm32f7xx_hal_msp.o
 .debug_info    0x0000000000004a84      0xd51 Core/Src/stm32f7xx_it.o
 .debug_info    0x00000000000057d5      0x73d Core/Src/system_stm32f7xx.o
 .debug_info    0x0000000000005f12       0x22 Core/Startup/startup_stm32f769nihx.o
 .debug_info    0x0000000000005f34      0xc00 Drivers/BSP/Components/spirit1/SPIRIT1_Library/Src/SPIRIT_Calibration.o
 .debug_info    0x0000000000006b34      0xa1d Drivers/BSP/Components/spirit1/SPIRIT1_Library/Src/SPIRIT_Commands.o
 .debug_info    0x0000000000007551      0xe38 Drivers/BSP/Components/spirit1/SPIRIT1_Library/Src/SPIRIT_Csma.o
 .debug_info    0x0000000000008389      0xcbb Drivers/BSP/Components/spirit1/SPIRIT1_Library/Src/SPIRIT_General.o
 .debug_info    0x0000000000009044      0xeea Drivers/BSP/Components/spirit1/SPIRIT1_Library/Src/SPIRIT_Gpio.o
 .debug_info    0x0000000000009f2e      0xf74 Drivers/BSP/Components/spirit1/SPIRIT1_Library/Src/SPIRIT_Irq.o
 .debug_info    0x000000000000aea2      0xb39 Drivers/BSP/Components/spirit1/SPIRIT1_Library/Src/SPIRIT_LinearFifo.o
 .debug_info    0x000000000000b9db      0xce4 Drivers/BSP/Components/spirit1/SPIRIT1_Library/Src/SPIRIT_Management.o
 .debug_info    0x000000000000c6bf      0xf7d Drivers/BSP/Components/spirit1/SPIRIT1_Library/Src/SPIRIT_PktBasic.o
 .debug_info    0x000000000000d63c     0x1744 Drivers/BSP/Components/spirit1/SPIRIT1_Library/Src/SPIRIT_PktCommon.o
 .debug_info    0x000000000000ed80      0xf26 Drivers/BSP/Components/spirit1/SPIRIT1_Library/Src/SPIRIT_Qi.o
 .debug_info    0x000000000000fca6     0x25f1 Drivers/BSP/Components/spirit1/SPIRIT1_Library/Src/SPIRIT_Radio.o
 .debug_info    0x0000000000012297      0xfc2 Drivers/BSP/Components/spirit1/SPIRIT1_Library/Src/SPIRIT_Timer.o
 .debug_info    0x0000000000013259      0x9bb Drivers/BSP/Components/spirit1/SPIRIT1_Library/Src/SPIRIT_Types.o
 .debug_info    0x0000000000013c14     0x15af Drivers/BSP/Components/spirit1/SPIRIT1_Util/Src/SPIRIT1_Util.o
 .debug_info    0x00000000000151c3      0xa8c Drivers/BSP/X-NUCLEO-IDS01Ax/Src/radio_gpio.o
 .debug_info    0x0000000000015c4f      0x586 Drivers/BSP/X-NUCLEO-IDS01Ax/Src/radio_shield_config.o
 .debug_info    0x00000000000161d5     0x1729 Drivers/BSP/X-NUCLEO-IDS01Ax/Src/radio_spi.o
 .debug_info    0x00000000000178fe      0xa4c Drivers/STM32F7xx_HAL_Driver/Src/stm32f7xx_hal.o
 .debug_info    0x000000000001834a     0x1092 Drivers/STM32F7xx_HAL_Driver/Src/stm32f7xx_hal_cortex.o
 .debug_info    0x00000000000193dc      0x7e9 Drivers/STM32F7xx_HAL_Driver/Src/stm32f7xx_hal_gpio.o
 .debug_info    0x0000000000019bc5      0x9b4 Drivers/STM32F7xx_HAL_Driver/Src/stm32f7xx_hal_pwr.o
 .debug_info    0x000000000001a579      0x96b Drivers/STM32F7xx_HAL_Driver/Src/stm32f7xx_hal_pwr_ex.o
 .debug_info    0x000000000001aee4      0x996 Drivers/STM32F7xx_HAL_Driver/Src/stm32f7xx_hal_rcc.o
 .debug_info    0x000000000001b87a     0x166a Drivers/STM32F7xx_HAL_Driver/Src/stm32f7xx_hal_spi.o

.debug_abbrev   0x0000000000000000     0x4490
 .debug_abbrev  0x0000000000000000      0x109 Core/Src/gpio.o
 .debug_abbrev  0x0000000000000109      0x228 Core/Src/main.o
 .debug_abbrev  0x0000000000000331      0x29e Core/Src/radio_appli.o
 .debug_abbrev  0x00000000000005cf      0x287 Core/Src/stm32f769i_discovery.o
 .debug_abbrev  0x0000000000000856      0x109 Core/Src/stm32f7xx_hal_msp.o
 .debug_abbrev  0x000000000000095f      0x1d8 Core/Src/stm32f7xx_it.o
 .debug_abbrev  0x0000000000000b37      0x147 Core/Src/system_stm32f7xx.o
 .debug_abbrev  0x0000000000000c7e       0x12 Core/Startup/startup_stm32f769nihx.o
 .debug_abbrev  0x0000000000000c90      0x252 Drivers/BSP/Components/spirit1/SPIRIT1_Library/Src/SPIRIT_Calibration.o
 .debug_abbrev  0x0000000000000ee2      0x1b9 Drivers/BSP/Components/spirit1/SPIRIT1_Library/Src/SPIRIT_Commands.o
 .debug_abbrev  0x000000000000109b      0x252 Drivers/BSP/Components/spirit1/SPIRIT1_Library/Src/SPIRIT_Csma.o
 .debug_abbrev  0x00000000000012ed      0x270 Drivers/BSP/Components/spirit1/SPIRIT1_Library/Src/SPIRIT_General.o
 .debug_abbrev  0x000000000000155d      0x261 Drivers/BSP/Components/spirit1/SPIRIT1_Library/Src/SPIRIT_Gpio.o
 .debug_abbrev  0x00000000000017be      0x283 Drivers/BSP/Components/spirit1/SPIRIT1_Library/Src/SPIRIT_Irq.o
 .debug_abbrev  0x0000000000001a41      0x254 Drivers/BSP/Components/spirit1/SPIRIT1_Library/Src/SPIRIT_LinearFifo.o
 .debug_abbrev  0x0000000000001c95      0x257 Drivers/BSP/Components/spirit1/SPIRIT1_Library/Src/SPIRIT_Management.o
 .debug_abbrev  0x0000000000001eec      0x24c Drivers/BSP/Components/spirit1/SPIRIT1_Library/Src/SPIRIT_PktBasic.o
 .debug_abbrev  0x0000000000002138      0x27b Drivers/BSP/Components/spirit1/SPIRIT1_Library/Src/SPIRIT_PktCommon.o
 .debug_abbrev  0x00000000000023b3      0x26e Drivers/BSP/Components/spirit1/SPIRIT1_Library/Src/SPIRIT_Qi.o
 .debug_abbrev  0x0000000000002621      0x2e1 Drivers/BSP/Components/spirit1/SPIRIT1_Library/Src/SPIRIT_Radio.o
 .debug_abbrev  0x0000000000002902      0x282 Drivers/BSP/Components/spirit1/SPIRIT1_Library/Src/SPIRIT_Timer.o
 .debug_abbrev  0x0000000000002b84      0x1cf Drivers/BSP/Components/spirit1/SPIRIT1_Library/Src/SPIRIT_Types.o
 .debug_abbrev  0x0000000000002d53      0x2b3 Drivers/BSP/Components/spirit1/SPIRIT1_Util/Src/SPIRIT1_Util.o
 .debug_abbrev  0x0000000000003006      0x1f5 Drivers/BSP/X-NUCLEO-IDS01Ax/Src/radio_gpio.o
 .debug_abbrev  0x00000000000031fb      0x16c Drivers/BSP/X-NUCLEO-IDS01Ax/Src/radio_shield_config.o
 .debug_abbrev  0x0000000000003367      0x2a1 Drivers/BSP/X-NUCLEO-IDS01Ax/Src/radio_spi.o
 .debug_abbrev  0x0000000000003608      0x1c7 Drivers/STM32F7xx_HAL_Driver/Src/stm32f7xx_hal.o
 .debug_abbrev  0x00000000000037cf      0x2fa Drivers/STM32F7xx_HAL_Driver/Src/stm32f7xx_hal_cortex.o
 .debug_abbrev  0x0000000000003ac9      0x1c9 Drivers/STM32F7xx_HAL_Driver/Src/stm32f7xx_hal_gpio.o
 .debug_abbrev  0x0000000000003c92      0x1b6 Drivers/STM32F7xx_HAL_Driver/Src/stm32f7xx_hal_pwr.o
 .debug_abbrev  0x0000000000003e48      0x1b8 Drivers/STM32F7xx_HAL_Driver/Src/stm32f7xx_hal_pwr_ex.o
 .debug_abbrev  0x0000000000004000      0x268 Drivers/STM32F7xx_HAL_Driver/Src/stm32f7xx_hal_rcc.o
 .debug_abbrev  0x0000000000004268      0x228 Drivers/STM32F7xx_HAL_Driver/Src/stm32f7xx_hal_spi.o

.debug_aranges  0x0000000000000000     0x1500
 .debug_aranges
                0x0000000000000000       0x20 Core/Src/gpio.o
 .debug_aranges
                0x0000000000000020       0x30 Core/Src/main.o
 .debug_aranges
                0x0000000000000050       0xb8 Core/Src/radio_appli.o
 .debug_aranges
                0x0000000000000108      0x130 Core/Src/stm32f769i_discovery.o
 .debug_aranges
                0x0000000000000238       0x20 Core/Src/stm32f7xx_hal_msp.o
 .debug_aranges
                0x0000000000000258       0x70 Core/Src/stm32f7xx_it.o
 .debug_aranges
                0x00000000000002c8       0x28 Core/Src/system_stm32f7xx.o
 .debug_aranges
                0x00000000000002f0       0x28 Core/Startup/startup_stm32f769nihx.o
 .debug_aranges
                0x0000000000000318       0x70 Drivers/BSP/Components/spirit1/SPIRIT1_Library/Src/SPIRIT_Calibration.o
 .debug_aranges
                0x0000000000000388       0x20 Drivers/BSP/Components/spirit1/SPIRIT1_Library/Src/SPIRIT_Commands.o
 .debug_aranges
                0x00000000000003a8       0xa8 Drivers/BSP/Components/spirit1/SPIRIT1_Library/Src/SPIRIT_Csma.o
 .debug_aranges
                0x0000000000000450       0x78 Drivers/BSP/Components/spirit1/SPIRIT1_Library/Src/SPIRIT_General.o
 .debug_aranges
                0x00000000000004c8       0x78 Drivers/BSP/Components/spirit1/SPIRIT1_Library/Src/SPIRIT_Gpio.o
 .debug_aranges
                0x0000000000000540       0x50 Drivers/BSP/Components/spirit1/SPIRIT1_Library/Src/SPIRIT_Irq.o
 .debug_aranges
                0x0000000000000590       0x68 Drivers/BSP/Components/spirit1/SPIRIT1_Library/Src/SPIRIT_LinearFifo.o
 .debug_aranges
                0x00000000000005f8       0x48 Drivers/BSP/Components/spirit1/SPIRIT1_Library/Src/SPIRIT_Management.o
 .debug_aranges
                0x0000000000000640       0x70 Drivers/BSP/Components/spirit1/SPIRIT1_Library/Src/SPIRIT_PktBasic.o
 .debug_aranges
                0x00000000000006b0      0x1c8 Drivers/BSP/Components/spirit1/SPIRIT1_Library/Src/SPIRIT_PktCommon.o
 .debug_aranges
                0x0000000000000878       0xc8 Drivers/BSP/Components/spirit1/SPIRIT1_Library/Src/SPIRIT_Qi.o
 .debug_aranges
                0x0000000000000940      0x2f0 Drivers/BSP/Components/spirit1/SPIRIT1_Library/Src/SPIRIT_Radio.o
 .debug_aranges
                0x0000000000000c30       0xd0 Drivers/BSP/Components/spirit1/SPIRIT1_Library/Src/SPIRIT_Timer.o
 .debug_aranges
                0x0000000000000d00       0x20 Drivers/BSP/Components/spirit1/SPIRIT1_Library/Src/SPIRIT_Types.o
 .debug_aranges
                0x0000000000000d20       0xf8 Drivers/BSP/Components/spirit1/SPIRIT1_Util/Src/SPIRIT1_Util.o
 .debug_aranges
                0x0000000000000e18       0x50 Drivers/BSP/X-NUCLEO-IDS01Ax/Src/radio_gpio.o
 .debug_aranges
                0x0000000000000e68       0x38 Drivers/BSP/X-NUCLEO-IDS01Ax/Src/radio_shield_config.o
 .debug_aranges
                0x0000000000000ea0       0x60 Drivers/BSP/X-NUCLEO-IDS01Ax/Src/radio_spi.o
 .debug_aranges
                0x0000000000000f00      0x110 Drivers/STM32F7xx_HAL_Driver/Src/stm32f7xx_hal.o
 .debug_aranges
                0x0000000000001010      0x118 Drivers/STM32F7xx_HAL_Driver/Src/stm32f7xx_hal_cortex.o
 .debug_aranges
                0x0000000000001128       0x58 Drivers/STM32F7xx_HAL_Driver/Src/stm32f7xx_hal_gpio.o
 .debug_aranges
                0x0000000000001180       0xa0 Drivers/STM32F7xx_HAL_Driver/Src/stm32f7xx_hal_pwr.o
 .debug_aranges
                0x0000000000001220       0x80 Drivers/STM32F7xx_HAL_Driver/Src/stm32f7xx_hal_pwr_ex.o
 .debug_aranges
                0x00000000000012a0       0x88 Drivers/STM32F7xx_HAL_Driver/Src/stm32f7xx_hal_rcc.o
 .debug_aranges
                0x0000000000001328      0x1d8 Drivers/STM32F7xx_HAL_Driver/Src/stm32f7xx_hal_spi.o

.debug_ranges   0x0000000000000000     0x12f8
 .debug_ranges  0x0000000000000000       0x10 Core/Src/gpio.o
 .debug_ranges  0x0000000000000010       0x20 Core/Src/main.o
 .debug_ranges  0x0000000000000030       0xa8 Core/Src/radio_appli.o
 .debug_ranges  0x00000000000000d8      0x120 Core/Src/stm32f769i_discovery.o
 .debug_ranges  0x00000000000001f8       0x10 Core/Src/stm32f7xx_hal_msp.o
 .debug_ranges  0x0000000000000208       0x60 Core/Src/stm32f7xx_it.o
 .debug_ranges  0x0000000000000268       0x18 Core/Src/system_stm32f7xx.o
 .debug_ranges  0x0000000000000280       0x20 Core/Startup/startup_stm32f769nihx.o
 .debug_ranges  0x00000000000002a0       0x60 Drivers/BSP/Components/spirit1/SPIRIT1_Library/Src/SPIRIT_Calibration.o
 .debug_ranges  0x0000000000000300       0x10 Drivers/BSP/Components/spirit1/SPIRIT1_Library/Src/SPIRIT_Commands.o
 .debug_ranges  0x0000000000000310       0x98 Drivers/BSP/Components/spirit1/SPIRIT1_Library/Src/SPIRIT_Csma.o
 .debug_ranges  0x00000000000003a8       0x68 Drivers/BSP/Components/spirit1/SPIRIT1_Library/Src/SPIRIT_General.o
 .debug_ranges  0x0000000000000410       0x68 Drivers/BSP/Components/spirit1/SPIRIT1_Library/Src/SPIRIT_Gpio.o
 .debug_ranges  0x0000000000000478       0x40 Drivers/BSP/Components/spirit1/SPIRIT1_Library/Src/SPIRIT_Irq.o
 .debug_ranges  0x00000000000004b8       0x58 Drivers/BSP/Components/spirit1/SPIRIT1_Library/Src/SPIRIT_LinearFifo.o
 .debug_ranges  0x0000000000000510       0x38 Drivers/BSP/Components/spirit1/SPIRIT1_Library/Src/SPIRIT_Management.o
 .debug_ranges  0x0000000000000548       0x60 Drivers/BSP/Components/spirit1/SPIRIT1_Library/Src/SPIRIT_PktBasic.o
 .debug_ranges  0x00000000000005a8      0x1b8 Drivers/BSP/Components/spirit1/SPIRIT1_Library/Src/SPIRIT_PktCommon.o
 .debug_ranges  0x0000000000000760       0xb8 Drivers/BSP/Components/spirit1/SPIRIT1_Library/Src/SPIRIT_Qi.o
 .debug_ranges  0x0000000000000818      0x2e0 Drivers/BSP/Components/spirit1/SPIRIT1_Library/Src/SPIRIT_Radio.o
 .debug_ranges  0x0000000000000af8       0xc0 Drivers/BSP/Components/spirit1/SPIRIT1_Library/Src/SPIRIT_Timer.o
 .debug_ranges  0x0000000000000bb8       0x10 Drivers/BSP/Components/spirit1/SPIRIT1_Library/Src/SPIRIT_Types.o
 .debug_ranges  0x0000000000000bc8       0xe8 Drivers/BSP/Components/spirit1/SPIRIT1_Util/Src/SPIRIT1_Util.o
 .debug_ranges  0x0000000000000cb0       0x40 Drivers/BSP/X-NUCLEO-IDS01Ax/Src/radio_gpio.o
 .debug_ranges  0x0000000000000cf0       0x28 Drivers/BSP/X-NUCLEO-IDS01Ax/Src/radio_shield_config.o
 .debug_ranges  0x0000000000000d18       0x50 Drivers/BSP/X-NUCLEO-IDS01Ax/Src/radio_spi.o
 .debug_ranges  0x0000000000000d68      0x100 Drivers/STM32F7xx_HAL_Driver/Src/stm32f7xx_hal.o
 .debug_ranges  0x0000000000000e68      0x108 Drivers/STM32F7xx_HAL_Driver/Src/stm32f7xx_hal_cortex.o
 .debug_ranges  0x0000000000000f70       0x48 Drivers/STM32F7xx_HAL_Driver/Src/stm32f7xx_hal_gpio.o
 .debug_ranges  0x0000000000000fb8       0x90 Drivers/STM32F7xx_HAL_Driver/Src/stm32f7xx_hal_pwr.o
 .debug_ranges  0x0000000000001048       0x70 Drivers/STM32F7xx_HAL_Driver/Src/stm32f7xx_hal_pwr_ex.o
 .debug_ranges  0x00000000000010b8       0x78 Drivers/STM32F7xx_HAL_Driver/Src/stm32f7xx_hal_rcc.o
 .debug_ranges  0x0000000000001130      0x1c8 Drivers/STM32F7xx_HAL_Driver/Src/stm32f7xx_hal_spi.o

.debug_macro    0x0000000000000000    0x31e86
 .debug_macro   0x0000000000000000      0x1e4 Core/Src/gpio.o
 .debug_macro   0x00000000000001e4      0xa78 Core/Src/gpio.o
 .debug_macro   0x0000000000000c5c      0x28d Core/Src/gpio.o
 .debug_macro   0x0000000000000ee9       0x2e Core/Src/gpio.o
 .debug_macro   0x0000000000000f17       0x3b Core/Src/gpio.o
 .debug_macro   0x0000000000000f52       0x22 Core/Src/gpio.o
 .debug_macro   0x0000000000000f74       0x8e Core/Src/gpio.o
 .debug_macro   0x0000000000001002       0x51 Core/Src/gpio.o
 .debug_macro   0x0000000000001053       0xef Core/Src/gpio.o
 .debug_macro   0x0000000000001142       0x6a Core/Src/gpio.o
 .debug_macro   0x00000000000011ac      0x1df Core/Src/gpio.o
 .debug_macro   0x000000000000138b       0x1c Core/Src/gpio.o
 .debug_macro   0x00000000000013a7       0x22 Core/Src/gpio.o
 .debug_macro   0x00000000000013c9       0xdf Core/Src/gpio.o
 .debug_macro   0x00000000000014a8     0x12cd Core/Src/gpio.o
 .debug_macro   0x0000000000002775      0x11f Core/Src/gpio.o
 .debug_macro   0x0000000000002894       0x19 Core/Src/gpio.o
 .debug_macro   0x00000000000028ad    0x20462 Core/Src/gpio.o
 .debug_macro   0x0000000000022d0f       0x43 Core/Src/gpio.o
 .debug_macro   0x0000000000022d52     0x36b4 Core/Src/gpio.o
 .debug_macro   0x0000000000026406      0x174 Core/Src/gpio.o
 .debug_macro   0x000000000002657a       0x61 Core/Src/gpio.o
 .debug_macro   0x00000000000265db     0x1b3f Core/Src/gpio.o
 .debug_macro   0x000000000002811a      0x6c4 Core/Src/gpio.o
 .debug_macro   0x00000000000287de      0x18b Core/Src/gpio.o
 .debug_macro   0x0000000000028969      0x117 Core/Src/gpio.o
 .debug_macro   0x0000000000028a80      0x276 Core/Src/gpio.o
 .debug_macro   0x0000000000028cf6       0x27 Core/Src/gpio.o
 .debug_macro   0x0000000000028d1d      0x24f Core/Src/gpio.o
 .debug_macro   0x0000000000028f6c       0x71 Core/Src/gpio.o
 .debug_macro   0x0000000000028fdd       0x58 Core/Src/gpio.o
 .debug_macro   0x0000000000029035      0x236 Core/Src/gpio.o
 .debug_macro   0x000000000002926b      0x14f Core/Src/gpio.o
 .debug_macro   0x00000000000293ba      0x3dc Core/Src/gpio.o
 .debug_macro   0x0000000000029796       0x12 Core/Src/gpio.o
 .debug_macro   0x00000000000297a8      0x22c Core/Src/gpio.o
 .debug_macro   0x00000000000299d4       0x61 Core/Src/gpio.o
 .debug_macro   0x0000000000029a35       0xa5 Core/Src/gpio.o
 .debug_macro   0x0000000000029ada      0x12f Core/Src/gpio.o
 .debug_macro   0x0000000000029c09      0x108 Core/Src/gpio.o
 .debug_macro   0x0000000000029d11       0x35 Core/Src/gpio.o
 .debug_macro   0x0000000000029d46      0x2fe Core/Src/gpio.o
 .debug_macro   0x000000000002a044      0x15c Core/Src/gpio.o
 .debug_macro   0x000000000002a1a0      0x4a7 Core/Src/main.o
 .debug_macro   0x000000000002a647      0x1e4 Core/Src/main.o
 .debug_macro   0x000000000002a82b       0x22 Core/Src/main.o
 .debug_macro   0x000000000002a84d      0xef6 Core/Src/main.o
 .debug_macro   0x000000000002b743       0x46 Core/Src/main.o
 .debug_macro   0x000000000002b789       0x17 Core/Src/main.o
 .debug_macro   0x000000000002b7a0       0x3c Core/Src/main.o
 .debug_macro   0x000000000002b7dc       0x34 Core/Src/main.o
 .debug_macro   0x000000000002b810       0x16 Core/Src/main.o
 .debug_macro   0x000000000002b826       0x35 Core/Src/main.o
 .debug_macro   0x000000000002b85b      0x32a Core/Src/main.o
 .debug_macro   0x000000000002bb85       0x10 Core/Src/main.o
 .debug_macro   0x000000000002bb95       0x52 Core/Src/main.o
 .debug_macro   0x000000000002bbe7       0x1f Core/Src/main.o
 .debug_macro   0x000000000002bc06       0x43 Core/Src/main.o
 .debug_macro   0x000000000002bc49       0x20 Core/Src/main.o
 .debug_macro   0x000000000002bc69      0x1a3 Core/Src/main.o
 .debug_macro   0x000000000002be0c       0x10 Core/Src/main.o
 .debug_macro   0x000000000002be1c       0x1c Core/Src/main.o
 .debug_macro   0x000000000002be38       0x52 Core/Src/main.o
 .debug_macro   0x000000000002be8a       0x40 Core/Src/main.o
 .debug_macro   0x000000000002beca       0x10 Core/Src/main.o
 .debug_macro   0x000000000002beda       0x40 Core/Src/main.o
 .debug_macro   0x000000000002bf1a       0xd7 Core/Src/main.o
 .debug_macro   0x000000000002bff1       0x1c Core/Src/main.o
 .debug_macro   0x000000000002c00d       0x3d Core/Src/main.o
 .debug_macro   0x000000000002c04a       0x16 Core/Src/main.o
 .debug_macro   0x000000000002c060      0x145 Core/Src/main.o
 .debug_macro   0x000000000002c1a5       0x1e Core/Src/main.o
 .debug_macro   0x000000000002c1c3       0x10 Core/Src/main.o
 .debug_macro   0x000000000002c1d3       0x87 Core/Src/main.o
 .debug_macro   0x000000000002c25a       0x2c Core/Src/main.o
 .debug_macro   0x000000000002c286       0x16 Core/Src/main.o
 .debug_macro   0x000000000002c29c       0x2a Core/Src/main.o
 .debug_macro   0x000000000002c2c6       0x39 Core/Src/main.o
 .debug_macro   0x000000000002c2ff       0x12 Core/Src/main.o
 .debug_macro   0x000000000002c311       0x41 Core/Src/main.o
 .debug_macro   0x000000000002c352       0x10 Core/Src/main.o
 .debug_macro   0x000000000002c362       0x57 Core/Src/main.o
 .debug_macro   0x000000000002c3b9      0x170 Core/Src/main.o
 .debug_macro   0x000000000002c529       0x10 Core/Src/main.o
 .debug_macro   0x000000000002c539      0x1d8 Core/Src/main.o
 .debug_macro   0x000000000002c711       0x33 Core/Src/main.o
 .debug_macro   0x000000000002c744      0x1b5 Core/Src/main.o
 .debug_macro   0x000000000002c8f9       0x42 Core/Src/main.o
 .debug_macro   0x000000000002c93b      0x1a0 Core/Src/main.o
 .debug_macro   0x000000000002cadb       0x1c Core/Src/main.o
 .debug_macro   0x000000000002caf7      0x100 Core/Src/main.o
 .debug_macro   0x000000000002cbf7       0x3a Core/Src/main.o
 .debug_macro   0x000000000002cc31      0x174 Core/Src/main.o
 .debug_macro   0x000000000002cda5      0x480 Core/Src/radio_appli.o
 .debug_macro   0x000000000002d225      0x1fd Core/Src/stm32f769i_discovery.o
 .debug_macro   0x000000000002d422      0x1de Core/Src/stm32f769i_discovery.o
 .debug_macro   0x000000000002d600      0x1da Core/Src/stm32f7xx_hal_msp.o
 .debug_macro   0x000000000002d7da      0x47d Core/Src/stm32f7xx_it.o
 .debug_macro   0x000000000002dc57       0x28 Core/Src/stm32f7xx_it.o
 .debug_macro   0x000000000002dc7f      0x1d6 Core/Src/system_stm32f7xx.o
 .debug_macro   0x000000000002de55      0x1ef Drivers/BSP/Components/spirit1/SPIRIT1_Library/Src/SPIRIT_Calibration.o
 .debug_macro   0x000000000002e044      0x1ee Drivers/BSP/Components/spirit1/SPIRIT1_Library/Src/SPIRIT_Commands.o
 .debug_macro   0x000000000002e232       0x81 Drivers/BSP/Components/spirit1/SPIRIT1_Library/Src/SPIRIT_Commands.o
 .debug_macro   0x000000000002e2b3      0x1ee Drivers/BSP/Components/spirit1/SPIRIT1_Library/Src/SPIRIT_Csma.o
 .debug_macro   0x000000000002e4a1       0x26 Drivers/BSP/Components/spirit1/SPIRIT1_Library/Src/SPIRIT_Csma.o
 .debug_macro   0x000000000002e4c7      0x1ee Drivers/BSP/Components/spirit1/SPIRIT1_Library/Src/SPIRIT_General.o
 .debug_macro   0x000000000002e6b5       0x24 Drivers/BSP/Components/spirit1/SPIRIT1_Library/Src/SPIRIT_General.o
 .debug_macro   0x000000000002e6d9      0x1ee Drivers/BSP/Components/spirit1/SPIRIT1_Library/Src/SPIRIT_Gpio.o
 .debug_macro   0x000000000002e8c7       0x33 Drivers/BSP/Components/spirit1/SPIRIT1_Library/Src/SPIRIT_Gpio.o
 .debug_macro   0x000000000002e8fa      0x1f3 Drivers/BSP/Components/spirit1/SPIRIT1_Library/Src/SPIRIT_Irq.o
 .debug_macro   0x000000000002eaed      0x1ef Drivers/BSP/Components/spirit1/SPIRIT1_Library/Src/SPIRIT_LinearFifo.o
 .debug_macro   0x000000000002ecdc      0x2b0 Drivers/BSP/Components/spirit1/SPIRIT1_Library/Src/SPIRIT_Management.o
 .debug_macro   0x000000000002ef8c      0x1f7 Drivers/BSP/Components/spirit1/SPIRIT1_Library/Src/SPIRIT_PktBasic.o
 .debug_macro   0x000000000002f183      0x1ee Drivers/BSP/Components/spirit1/SPIRIT1_Library/Src/SPIRIT_PktCommon.o
 .debug_macro   0x000000000002f371       0x51 Drivers/BSP/Components/spirit1/SPIRIT1_Library/Src/SPIRIT_PktCommon.o
 .debug_macro   0x000000000002f3c2      0x1ee Drivers/BSP/Components/spirit1/SPIRIT1_Library/Src/SPIRIT_Qi.o
 .debug_macro   0x000000000002f5b0       0x2d Drivers/BSP/Components/spirit1/SPIRIT1_Library/Src/SPIRIT_Qi.o
 .debug_macro   0x000000000002f5dd      0x2c1 Drivers/BSP/Components/spirit1/SPIRIT1_Library/Src/SPIRIT_Radio.o
 .debug_macro   0x000000000002f89e      0x1e1 Drivers/BSP/Components/spirit1/SPIRIT1_Library/Src/SPIRIT_Radio.o
 .debug_macro   0x000000000002fa7f      0x2ac Drivers/BSP/Components/spirit1/SPIRIT1_Library/Src/SPIRIT_Timer.o
 .debug_macro   0x000000000002fd2b       0x3b Drivers/BSP/Components/spirit1/SPIRIT1_Library/Src/SPIRIT_Timer.o
 .debug_macro   0x000000000002fd66      0x1e9 Drivers/BSP/Components/spirit1/SPIRIT1_Library/Src/SPIRIT_Types.o
 .debug_macro   0x000000000002ff4f       0x3c Drivers/BSP/Components/spirit1/SPIRIT1_Library/Src/SPIRIT_Types.o