radio_appli.c:335:6:HAL_Spirit1_Init	8	static
radio_appli.c:358:6:P2P_Process	32	static
radio_appli.c:533:6:AppliSendBuff	24	static
radio_appli.c:641:6:AppliReceiveBuff	16	static
radio_appli.c:742:6:P2P_Init	8	static
radio_appli.c:798:6:STackProtocolInit	32	static
radio_appli.c:832:6:BasicProtocolInit	8	static
radio_appli.c:843:6:Enter_LP_mode	8	static
radio_appli.c:888:6:Exit_LP_mode	8	static
radio_appli.c:899:6:MCU_Enter_StopMode	8	static
radio_appli.c:909:6:MCU_Enter_StandbyMode	8	static
radio_appli.c:919:6:MCU_Enter_SleepMode	8	static
radio_appli.c:933:6:RadioPowerON	16	static
radio_appli.c:957:6:RadioPowerOFF	8	static
radio_appli.c:971:6:RadioStandBy	8	static
radio_appli.c:982:6:RadioSleep	8	static
radio_appli.c:992:6:Set_KeyStatus	16	static
radio_appli.c:1006:6:P2PInterruptHandler	8	static
radio_appli.c:1067:6:HAL_SYSTICK_Callback	4	static
radio_appli.c:1120:6:HAL_GPIO_EXTI_Callback	16	static
